 samp_a

 Timestamp is 46d73846 (Fri Aug 31 07:36:06 2007)

 Preferred load address is 77f00000

 Start         Length     Name                   Class
 0001:00000000 0004fb25H .text                   CODE
 0001:0004fb30 00000f8fH .text$x                 CODE
 0001:00050ac0 000000c3H .text$yc                CODE
 0001:00050b90 000000c7H .text$yd                CODE
 0002:00000000 00000298H .idata$5                DATA
 0002:000002a0 0000c858H .rdata                  DATA
 0002:0000caf8 00000168H .rdata$r                DATA
 0002:0000cc60 000001a0H .rdata$sxdata           DATA
 0002:0000ce00 00000004H .rtc$IAA                DATA
 0002:0000ce04 00000004H .rtc$IZZ                DATA
 0002:0000ce08 00000004H .rtc$TAA                DATA
 0002:0000ce0c 00000004H .rtc$TZZ                DATA
 0002:0000ce10 0000273cH .xdata$x                DATA
 0002:0000f54c 00000078H .idata$2                DATA
 0002:0000f5c4 00000014H .idata$3                DATA
 0002:0000f5d8 00000298H .idata$4                DATA
 0002:0000f870 00000a20H .idata$6                DATA
 0002:00010290 00000000H .edata                  DATA
 0003:00000000 00000004H .CRT$XCA                DATA
 0003:00000004 00000004H .CRT$XCAA               DATA
 0003:00000008 00000018H .CRT$XCU                DATA
 0003:00000020 00000004H .CRT$XCZ                DATA
 0003:00000024 00000004H .CRT$XIA                DATA
 0003:00000028 00000010H .CRT$XIC                DATA
 0003:00000038 00000004H .CRT$XIY                DATA
 0003:0000003c 00000004H .CRT$XIZ                DATA
 0003:00000040 00000004H .CRT$XPA                DATA
 0003:00000044 00000004H .CRT$XPX                DATA
 0003:00000048 00000004H .CRT$XPZ                DATA
 0003:0000004c 00000004H .CRT$XTA                DATA
 0003:00000050 00000004H .CRT$XTB                DATA
 0003:00000054 00000004H .CRT$XTZ                DATA
 0003:00000060 00007adcH .data                   DATA
 0003:00007b40 00057d70H .bss                    DATA
 0004:00000000 00000058H .rsrc$01                DATA
 0004:00000060 00000288H .rsrc$02                DATA

  Address         Publics by Value              Rva+Base     Lib:Object

 0000:00000000       __except_list              00000000     <absolute>
 0000:00000068       ___safe_se_handler_count   00000068     <absolute>
 0001:00000000       ?GameStoreLocalPlayerCameraExtZoom@@YGXXZ 77f01000 f   aimstuff.obj
 0001:00000010       ?GameSetLocalPlayerCameraExtZoom@@YGXXZ 77f01010 f   aimstuff.obj
 0001:00000020       ?GameSetPlayerCameraExtZoom@@YGXEM@Z 77f01020 f   aimstuff.obj
 0001:00000040       ?GameGetLocalPlayerCameraExtZoom@@YGMXZ 77f01040 f   aimstuff.obj
 0001:00000060       ?GameSetRemotePlayerCameraExtZoom@@YGXE@Z 77f01060 f   aimstuff.obj
 0001:00000090       ?GameSetPlayerCameraMode@@YGXEE@Z 77f01090 f   aimstuff.obj
 0001:000000b0       ?GameGetPlayerCameraMode@@YGEE@Z 77f010b0 f   aimstuff.obj
 0001:000000c0       ?GameGetLocalPlayerCameraMode@@YGEXZ 77f010c0 f   aimstuff.obj
 0001:000000d0       ?GameAimSyncInit@@YGXXZ    77f010d0 f   aimstuff.obj
 0001:00000120       ?GameStoreLocalPlayerAim@@YGXXZ 77f01120 f   aimstuff.obj
 0001:00000140       ?GameSetLocalPlayerAim@@YGXXZ 77f01140 f   aimstuff.obj
 0001:00000160       ?GameGetInternalAim@@YGPAU_CAMERA_AIM@@XZ 77f01160 f   aimstuff.obj
 0001:00000170       ?GameStoreRemotePlayerAim@@YGXHPAU_CAMERA_AIM@@@Z 77f01170 f   aimstuff.obj
 0001:000001a0       ?GameSetRemotePlayerAim@@YGXH@Z 77f011a0 f   aimstuff.obj
 0001:000001d0       ?GameGetRemotePlayerAim@@YGPAU_CAMERA_AIM@@H@Z 77f011d0 f   aimstuff.obj
 0001:000001f0       ?SetBehindPlayer@CCamera@@QAEXXZ 77f011f0 f   camera.obj
 0001:00000210       ?SetPosition@CCamera@@QAEXMMMMMM@Z 77f01210 f   camera.obj
 0001:00000260       ?LookAtPoint@CCamera@@QAEXMMMH@Z 77f01260 f   camera.obj
 0001:00000290       ?Restore@CCamera@@QAEXXZ   77f01290 f   camera.obj
 0001:000002a0       ?GetMatrix@CCamera@@QAEXPAU_MATRIX4X4@@@Z 77f012a0 f   camera.obj
 0001:00000310       ?FindPlayerPed@CGame@@QAEPAVCPlayerPed@@XZ 77f01310 f i cheats.obj
 0001:00000370       ?DoCheatDataStoring@@YAXXZ 77f01370 f   cheats.obj
 0001:00000440       ?CheckDuplicateD3D9Dlls@@YAXXZ 77f01440 f   cheats.obj
 0001:00000560       ?DoCheatDataComparing@@YAXXZ 77f01560 f   cheats.obj
 0001:00000660       ?GameDebugEntity@@YAXKKH@Z 77f01660 f   debug.obj
 0001:00000680       ?GameBuildRecreateVehicle@@YAXXZ 77f01680 f   debug.obj
 0001:000006d0       ?GameBuildSelectVehicle@@YAXXZ 77f016d0 f   debug.obj
 0001:00000a30       ?GameDebugDrawDebugScreens@@YAXXZ 77f01a30 f   debug.obj
 0001:00000a50       ?GetLocalPlayer@CPlayerPool@@QAEPAVCLocalPlayer@@XZ 77f01a50 f i entity.obj
 0001:00000a60       ?GetPlayerPool@CNetGame@@QAEPAVCPlayerPool@@XZ 77f01a60 f i entity.obj
 0001:00000a70       ?GetMatrix@CEntity@@QAEXPAU_MATRIX4X4@@@Z 77f01a70 f   entity.obj
 0001:00000b10       ?SetMatrix@CEntity@@QAEXU_MATRIX4X4@@@Z 77f01b10 f   entity.obj
 0001:00000bb0       ?GetMoveSpeedVector@CEntity@@QAEXPAU_VECTOR@@@Z 77f01bb0 f   entity.obj
 0001:00000be0       ?SetMoveSpeedVector@CEntity@@QAEXU_VECTOR@@@Z 77f01be0 f   entity.obj
 0001:00000c10       ?SetTurnSpeedVector@CEntity@@QAEXU_VECTOR@@@Z 77f01c10 f   entity.obj
 0001:00000c40       ?SetModelIndex@CEntity@@QAEXI@Z 77f01c40 f   entity.obj
 0001:00000ce0       ?GetModelIndex@CEntity@@QAEIXZ 77f01ce0 f   entity.obj
 0001:00000cf0       ?TeleportTo@CEntity@@QAEXMMM@Z 77f01cf0 f   entity.obj
 0001:00000d60       ?GetDistanceFromLocalPlayerPed@CEntity@@QAEMXZ 77f01d60 f   entity.obj
 0001:00000e30       ?Add@CEntity@@UAEXXZ       77f01e30 f   entity.obj
 0001:00000f00       ?IsAdded@CEntity@@QAEHXZ   77f01f00 f   entity.obj
 0001:00000f30       ?Remove@CEntity@@UAEXXZ    77f01f30 f   entity.obj
 0001:00000f50       ?EnforceWorldBoundries@CEntity@@QAEHMMMM@Z 77f01f50 f   entity.obj
 0001:000010f0       ?HasExceededWorldBoundries@CEntity@@QAEHMMMM@Z 77f020f0 f   entity.obj
 0001:00001160       ??0CGame@@QAE@XZ           77f02160 f   game.obj
 0001:000011a0       ?NewPlayer@CGame@@QAEPAVCPlayerPed@@HHMMMME@Z 77f021a0 f   game.obj
 0001:00001220       ?NewVehicle@CGame@@QAEPAVCVehicle@@HMMMMPAD@Z 77f02220 f   game.obj
 0001:000012a0       ?NewObject@CGame@@QAEPAVCObject@@HMMMU_VECTOR@@@Z 77f022a0 f   game.obj
 0001:00001330       ?FindGroundZForCoord@CGame@@QAEMMMM@Z 77f02330 f   game.obj
 0001:00001370       ?ProcessInputDisabling@CGame@@QAEXXZ 77f02370 f   game.obj
 0001:000013d0       ?ToggleKeyInputsDisabled@CGame@@QAEXH@Z 77f023d0 f   game.obj
 0001:00001400       ?InitGame@CGame@@QAEXXZ    77f02400 f   game.obj
 0001:00001450       ?StartGame@CGame@@QAEXXZ   77f02450 f   game.obj
 0001:00001480       ?IsMenuActive@CGame@@QAEHXZ 77f02480 f   game.obj
 0001:00001490       ?IsGameLoaded@CGame@@QAEHXZ 77f02490 f   game.obj
 0001:000014a0       ?RequestModel@CGame@@QAEXH@Z 77f024a0 f   game.obj
 0001:000014c0       ?LoadRequestedModels@CGame@@QAEXXZ 77f024c0 f   game.obj
 0001:000014d0       ?IsModelLoaded@CGame@@QAEHH@Z 77f024d0 f   game.obj
 0001:000014f0       ?RemoveModel@CGame@@QAEXH@Z 77f024f0 f   game.obj
 0001:00001520       ?GetWorldTime@CGame@@QAEXPAH0@Z 77f02520 f   game.obj
 0001:00001520       ?SetWorldTime@CGame@@QAEXHH@Z 77f02520 f   game.obj
 0001:00001540       ?SetWorldWeather@CGame@@QAEXH@Z 77f02540 f   game.obj
 0001:00001560       ?SetMaxStats@CGame@@QAEXXZ 77f02560 f   game.obj
 0001:00001570       ?DisableTrainTraffic@CGame@@QAEXXZ 77f02570 f   game.obj
 0001:00001580       ?RefreshStreamingAt@CGame@@QAEXMM@Z 77f02580 f   game.obj
 0001:000015b0       ?RequestAnimation@CGame@@QAEXPAD@Z 77f025b0 f   game.obj
 0001:000015d0       ?IsAnimationLoaded@CGame@@QAEHPAD@Z 77f025d0 f   game.obj
 0001:000015f0       ?DisplayGameText@CGame@@QAEXPADHH@Z 77f025f0 f   game.obj
 0001:00001640       ?PlaySoundA@CGame@@QAEXHMMM@Z 77f02640 f   game.obj
 0001:00001670       ?CreateRadarMarkerIcon@CGame@@QAEKHMMMH@Z 77f02670 f   game.obj
 0001:000016d0       ?GetActiveInterior@CGame@@QAEEXZ 77f026d0 f   game.obj
 0001:000016f0       ?AddToLocalMoney@CGame@@QAEXH@Z 77f026f0 f   game.obj
 0001:00001710       ?GetLocalMoney@CGame@@QAEHXZ 77f02710 f   game.obj
 0001:00001720       ?GetWeaponName@CGame@@QAEQADH@Z 77f02720 f   game.obj
 0001:00001970       ?CreatePickup@CGame@@QAEKHHMMM@Z 77f02970 f   game.obj
 0001:00001a10       ?GetD3DDevice@CGame@@QAEKXZ 77f02a10 f   game.obj
 0001:00001a50       ?SetGravity@CGame@@QAEXM@Z 77f02a50 f   game.obj
 0001:00001a70       ?SetWantedLevel@CGame@@QAEXE@Z 77f02a70 f   game.obj
 0001:00001a80       ?SetGameTextCount@CGame@@QAEXG@Z 77f02a80 f   game.obj
 0001:00001a90       ?DrawGangZone@CGame@@QAEXPAMK@Z 77f02a90 f   game.obj
 0001:00001ab0       ?EnableClock@CGame@@QAEXE@Z 77f02ab0 f   game.obj
 0001:00001b30       ?EnableZoneNames@CGame@@QAEXE@Z 77f02b30 f   game.obj
 0001:00001b50       ?EnableStuntBonus@CGame@@QAEX_N@Z 77f02b50 f   game.obj
 0001:00001b70       ?DisableEnterExits@CGame@@QAEXXZ 77f02b70 f   game.obj
 0001:00001bc0       ?DisplayHud@CGame@@QAEXH@Z 77f02bc0 f   game.obj
 0001:00001c00       ?SetCheckpointInformation@CGame@@QAEXPAU_VECTOR@@0@Z 77f02c00 f   game.obj
 0001:00001c80       ?MakeRaceCheckpoint@CGame@@QAEXXZ 77f02c80 f   game.obj
 0001:00001d00       ?UpdateCheckpoints@CGame@@QAEXXZ 77f02d00 f   game.obj
 0001:00001e00       ?ResetLocalMoney@CGame@@QAEXXZ 77f02e00 f   game.obj
 0001:00001e40       ?SetRaceCheckpointInformation@CGame@@QAEXEPAU_VECTOR@@0M@Z 77f02e40 f   game.obj
 0001:00001ed0       ?GetAt@CPlayerPool@@QAEPAVCRemotePlayer@@E@Z 77f02ed0 f i hooks.obj
 0001:00001ef0       ?GetSlotState@CPlayerPool@@QAEHE@Z 77f02ef0 f i hooks.obj
 0001:00001f10       ?GetAt@CVehiclePool@@QAEPAVCVehicle@@G@Z 77f02f10 f i hooks.obj
 0001:00001f40       ?GetSlotState@CVehiclePool@@QAEHG@Z 77f02f40 f i hooks.obj
 0001:00001f60       ?GetVehiclePool@CNetGame@@QAEPAVCVehiclePool@@XZ 77f02f60 f i hooks.obj
 0001:00001f70       ?GetMenuPool@CNetGame@@QAEPAVCMenuPool@@XZ 77f02f70 f i hooks.obj
 0001:00001f80       ?GetTextDrawPool@CNetGame@@QAEPAVCTextDrawPool@@XZ 77f02f80 f i hooks.obj
 0001:00001f80       ?IsCellphoneEnabled@CPlayerPed@@QAEHXZ 77f02f80 f i playerped.obj
 0001:00001f90       ?GameProcessHook@@YAXXZ    77f02f90 f   hooks.obj
 0001:00001fb0       ?CPlayerPed_ProcessControl_Hook@@YAXXZ 77f02fb0 f   hooks.obj
 0001:000021b0       ?TaskUseGun_Hook@@YAXXZ    77f031b0 f   hooks.obj
 0001:00002310       ?AllVehicles_ProcessControl_TankTurret_Hook@@YAXXZ 77f03310 f   hooks.obj
 0001:000023e0       ?AllVehicles_ProcessControl_WaterTurret_Hook@@YAXXZ 77f033e0 f   hooks.obj
 0001:000024b0       ?AllVehicles_ProcessControl_Hook@@YAXXZ 77f034b0 f   hooks.obj
 0001:00002680       ?NotifyEnterVehicle@@YAHXZ 77f03680 f   hooks.obj
 0001:00002730       ?TaskEnterVehicleDriver_Hook@@YAXXZ 77f03730 f   hooks.obj
 0001:00002790       ?TaskExitVehicle@@YAXXZ    77f03790 f   hooks.obj
 0001:00002870       ?RadarTranslateColor@@YAXXZ 77f03870 f   hooks.obj
 0001:00002890       ?CheatProcessorHook@@YAXXZ 77f03890 f   hooks.obj
 0001:000028b0       ?CGameShutdownHook@@YAXXZ  77f038b0 f   hooks.obj
 0001:000028f0       ?IsFriendlyFire@@YGHPAU_PED_TYPE@@0@Z 77f038f0 f   hooks.obj
 0001:000029c0       ?ProcessInstagib@@YGXPAU_PED_TYPE@@0@Z 77f039c0 f   hooks.obj
 0001:00002a10       ?PedDamage_Hook@@YAXXZ     77f03a10 f   hooks.obj
 0001:00002a70       ?CTrain_ProcessControl_Derailment@@YAXXZ 77f03a70 f   hooks.obj
 0001:00002a90       ?AnimCrashFixHook@@YAXXZ   77f03a90 f   hooks.obj
 0001:00002ab0       ?GetText_Hook@@YAXXZ       77f03ab0 f   hooks.obj
 0001:00002bc0       ?CPed_Render_Hook@@YAXXZ   77f03bc0 f   hooks.obj
 0001:00002bf0       ?ZoneOverlay_Hook@@YAXXZ   77f03bf0 f   hooks.obj
 0001:00002c10       ?PlayerWalk_Hook@@YAXXZ    77f03c10 f   hooks.obj
 0001:00002c30       ?PickUpPickup_Hook@@YAXXZ  77f03c30 f   hooks.obj
 0001:00002c70       ?InstallHook@@YAXKKKPAEH@Z 77f03c70 f   hooks.obj
 0001:00002ce0       ?InstallGameAndGraphicsLoopHooks@@YAXXZ 77f03ce0 f   hooks.obj
 0001:00002df0       ?GameInstallHooks@@YAXXZ   77f03df0 f   hooks.obj
 0001:00003240       ?GameKeyStatesInit@@YAXXZ  77f04240 f   keystuff.obj
 0001:00003260       ?GameStoreLocalPlayerKeys@@YAXXZ 77f04260 f   keystuff.obj
 0001:000032a0       ?GameSetLocalPlayerKeys@@YAXXZ 77f042a0 f   keystuff.obj
 0001:000032e0       ?GameStoreRemotePlayerKeys@@YAXHPAU_GTA_CONTROLSET@@@Z 77f042e0 f   keystuff.obj
 0001:00003300       ?GameSetRemotePlayerKeys@@YAXH@Z 77f04300 f   keystuff.obj
 0001:00003350       ?GameGetInternalKeys@@YAPAU_GTA_CONTROLSET@@XZ 77f04350 f   keystuff.obj
 0001:00003360       ?GameGetPlayerKeys@@YAPAU_GTA_CONTROLSET@@H@Z 77f04360 f   keystuff.obj
 0001:00003370       ??0CMenu@@QAE@PADMMEMMPAUMENU_INT@@@Z 77f04370 f   menu.obj
 0001:00003410       ?AddMenuItem@CMenu@@QAEXEEPAD@Z 77f04410 f   menu.obj
 0001:00003440       ?SetColumnTitle@CMenu@@QAEXEPAD@Z 77f04440 f   menu.obj
 0001:00003470       ?Hide@CMenu@@QAEXXZ        77f04470 f   menu.obj
 0001:00003490       ?GetMenuItem@CMenu@@QAEPADEE@Z 77f04490 f   menu.obj
 0001:000034b0       ?GetMenuTitle@CMenu@@QAEPADXZ 77f044b0 f   menu.obj
 0001:000034c0       ?GetMenuHeader@CMenu@@QAEPADE@Z 77f044c0 f   menu.obj
 0001:000034e0       ?GetSelectedRow@CMenu@@QAEEXZ 77f044e0 f   menu.obj
 0001:00003510       ?Show@CMenu@@QAEXXZ        77f04510 f   menu.obj
 0001:00003890       ??1CEntity@@UAE@XZ         77f04890 f i object.obj
 0001:00003890       ??1CPlayerPed@@UAE@XZ      77f04890 f i playerped.obj
 0001:000038a0       ??_ECEntity@@UAEPAXI@Z     77f048a0 f i object.obj
 0001:000038a0       ??_GCEntity@@UAEPAXI@Z     77f048a0 f i object.obj
 0001:000038c0       ??1CObject@@UAE@XZ         77f048c0 f   object.obj
 0001:00003930       ?MoveTo@CObject@@QAEXMMMM@Z 77f04930 f   object.obj
 0001:00003960       ?InstantRotate@CObject@@QAEXMMM@Z 77f04960 f   object.obj
 0001:00003990       ??0CObject@@QAE@HMMMU_VECTOR@@@Z 77f04990 f   object.obj
 0001:00003a80       ??_GCObject@@UAEPAXI@Z     77f04a80 f i object.obj
 0001:00003a80       ??_ECObject@@UAEPAXI@Z     77f04a80 f i object.obj
 0001:00003aa0       ?Process@CObject@@QAEXM@Z  77f04aa0 f   object.obj
 0001:00003b80       ?UnFuck@@YAXKH@Z           77f04b80 f   patches.obj
 0001:00003ba0       ?ApplyPreGamePatches@@YAHXZ 77f04ba0 f   patches.obj
 0001:00003cc0       ?RelocatePedsListHack@@YAXXZ 77f04cc0 f   patches.obj
 0001:00003d10       ?RelocateScanListHack@@YAXXZ 77f04d10 f   patches.obj
 0001:00003e50       ?ApplyInGamePatches@@YAXXZ 77f04e50 f   patches.obj
 0001:00004630       ?ResetForRespawn@CPlayerPed@@QAEXXZ 77f05630 f   playerped.obj
 0001:00004650       ?SetInitialState@CPlayerPed@@QAEXXZ 77f05650 f   playerped.obj
 0001:00004670       ?GetCurrentAim@CPlayerPed@@QAEPAU_CAMERA_AIM@@XZ 77f05670 f   playerped.obj
 0001:00004680       ?SetCurrentAim@CPlayerPed@@QAEXPAU_CAMERA_AIM@@@Z 77f05680 f   playerped.obj
 0001:000046a0       ?GetCurrentWeapon@CPlayerPed@@QAEEXZ 77f056a0 f   playerped.obj
 0001:000046e0       ?GetHealth@CPlayerPed@@QAEMXZ 77f056e0 f   playerped.obj
 0001:00004700       ?SetHealth@CPlayerPed@@QAEXM@Z 77f05700 f   playerped.obj
 0001:00004720       ?GetArmour@CPlayerPed@@QAEMXZ 77f05720 f   playerped.obj
 0001:00004740       ?SetArmour@CPlayerPed@@QAEXM@Z 77f05740 f   playerped.obj
 0001:00004760       ?IsDead@CPlayerPed@@QAEHXZ 77f05760 f   playerped.obj
 0001:00004790       ?GetActionTrigger@CPlayerPed@@QAEEXZ 77f05790 f   playerped.obj
 0001:000047a0       ?SetActionTrigger@CPlayerPed@@QAEXE@Z 77f057a0 f   playerped.obj
 0001:000047c0       ?IsInVehicle@CPlayerPed@@QAEHXZ 77f057c0 f   playerped.obj
 0001:000047e0       ?GetTargetRotation@CPlayerPed@@QAEMXZ 77f057e0 f   playerped.obj
 0001:00004800       ?ForceTargetRotation@CPlayerPed@@QAEXM@Z 77f05800 f   playerped.obj
 0001:00004860       ?IsAPassenger@CPlayerPed@@QAEHXZ 77f05860 f   playerped.obj
 0001:000048a0       ?GetGtaVehicle@CPlayerPed@@QAEPAU_VEHICLE_TYPE@@XZ 77f058a0 f   playerped.obj
 0001:000048b0       ?ClearAllWeapons@CPlayerPed@@QAEXXZ 77f058b0 f   playerped.obj
 0001:000048f0       ?SetArmedWeapon@CPlayerPed@@QAEXH@Z 77f058f0 f   playerped.obj
 0001:00004920       ?GetCurrentWeaponSlot@CPlayerPed@@QAEPAU_WEAPON_SLOT_TYPE@@XZ 77f05920 f   playerped.obj
 0001:00004940       ?GetVehicleSeatID@CPlayerPed@@QAEHXZ 77f05940 f   playerped.obj
 0001:000049d0       ?PutDirectlyInVehicle@CPlayerPed@@QAEXHH@Z 77f059d0 f   playerped.obj
 0001:00004b00       ?EnterVehicle@CPlayerPed@@QAEXHH@Z 77f05b00 f   playerped.obj
 0001:00004b90       ?ExitCurrentVehicle@CPlayerPed@@QAEXXZ 77f05b90 f   playerped.obj
 0001:00004bf0       ?RemoveFromVehicleAndPutAt@CPlayerPed@@QAEXMMM@Z 77f05bf0 f   playerped.obj
 0001:00004c50       ?RestartIfWastedAt@CPlayerPed@@QAEXPAU_VECTOR@@M@Z 77f05c50 f   playerped.obj
 0001:00004c90       ?TogglePlayerControllable@CPlayerPed@@QAEXH@Z 77f05c90 f   playerped.obj
 0001:00004d40       ?FindDeathReasonAndResponsiblePlayer@CPlayerPed@@QAEEPAE@Z 77f05d40 f   playerped.obj
 0001:00004ee0       ?HandsUp@CPlayerPed@@QAEXXZ 77f05ee0 f   playerped.obj
 0001:00004f30       ?HasHandsUp@CPlayerPed@@QAEHXZ 77f05f30 f   playerped.obj
 0001:00004f90       ?StartJetpack@CPlayerPed@@QAEXXZ 77f05f90 f   playerped.obj
 0001:00004fc0       ?StopJetpack@CPlayerPed@@QAEXXZ 77f05fc0 f   playerped.obj
 0001:00005020       ?IsInJetpackMode@CPlayerPed@@QAEHXZ 77f06020 f   playerped.obj
 0001:00005060       ?StartPassengerDriveByMode@CPlayerPed@@QAEHXZ 77f06060 f   playerped.obj
 0001:00005100       ?ExtinguishFire@CPlayerPed@@QAEXXZ 77f06100 f   playerped.obj
 0001:00005160       ?GetAmmo@CPlayerPed@@QAEGXZ 77f06160 f   playerped.obj
 0001:000051a0       ?FindWeaponSlot@CPlayerPed@@QAEPAU_WEAPON_SLOT_TYPE@@K@Z 77f061a0 f   playerped.obj
 0001:000051e0       ?ApplyAnimation@CPlayerPed@@QAEXPAD0MHHHHH@Z 77f061e0 f   playerped.obj
 0001:000052f0       ?SetInterior@CPlayerPed@@QAEXE@Z 77f062f0 f   playerped.obj
 0001:00005360       ?CheckVehicleParachute@CPlayerPed@@QAEXXZ 77f06360 f   playerped.obj
 0001:000053c0       ?ProcessParachuteSkydiving@CPlayerPed@@QAEXXZ 77f063c0 f   playerped.obj
 0001:000055b0       ?ProcessParachuting@CPlayerPed@@QAEXXZ 77f065b0 f   playerped.obj
 0001:00005690       ?IsOnGround@CPlayerPed@@QAEHXZ 77f06690 f   playerped.obj
 0001:000056b0       ?ResetDamageEntity@CPlayerPed@@QAEXXZ 77f066b0 f   playerped.obj
 0001:000056d0       ?GetAimZ@CPlayerPed@@QAEMXZ 77f066d0 f   playerped.obj
 0001:00005710       ?SetAimZ@CPlayerPed@@QAEXM@Z 77f06710 f   playerped.obj
 0001:00005740       ?GetGtaContactVehicle@CPlayerPed@@QAEPAU_VEHICLE_TYPE@@XZ 77f06740 f   playerped.obj
 0001:00005750       ?IsPerformingCustomAnim@CPlayerPed@@QAEHXZ 77f06750 f   playerped.obj
 0001:00005780       ?StartDancing@CPlayerPed@@QAEXH@Z 77f06780 f   playerped.obj
 0001:00005800       ?StopDancing@CPlayerPed@@QAEXXZ 77f06800 f   playerped.obj
 0001:00005840       ?IsDancing@CPlayerPed@@QAEHXZ 77f06840 f   playerped.obj
 0001:00005850       ?GetDanceAnimForMove@CPlayerPed@@QAEPADH@Z 77f06850 f   playerped.obj
 0001:000058e0       ?ApplyCommandTask@CPlayerPed@@QAEXPADHHHPAU_VECTOR@@HMHHH@Z 77f068e0 f   playerped.obj
 0001:00005930       ?DestroyFollowPedTask@CPlayerPed@@QAEXXZ 77f06930 f   playerped.obj
 0001:00005970       ?ToggleCellphone@CPlayerPed@@QAEXH@Z 77f06970 f   playerped.obj
 0001:000059a0       ??0CPlayerPed@@QAE@XZ      77f069a0 f   playerped.obj
 0001:00005a40       ??_GCPlayerPed@@UAEPAXI@Z  77f06a40 f i playerped.obj
 0001:00005a40       ??_ECPlayerPed@@UAEPAXI@Z  77f06a40 f i playerped.obj
 0001:00005a60       ?Destroy@CPlayerPed@@QAEXXZ 77f06a60 f   playerped.obj
 0001:00005b40       ?SetKeys@CPlayerPed@@QAEXGGG@Z 77f06b40 f   playerped.obj
 0001:00005dc0       ?GetKeys@CPlayerPed@@QAEGPAG0@Z 77f06dc0 f   playerped.obj
 0001:00005f10       ?ShowMarker@CPlayerPed@@QAEXXZ 77f06f10 f   playerped.obj
 0001:00005f70       ?SetTargetRotation@CPlayerPed@@QAEXM@Z 77f06f70 f   playerped.obj
 0001:00005fe0       ?GiveWeapon@CPlayerPed@@QAEXHH@Z 77f06fe0 f   playerped.obj
 0001:000060c0       ?SetModelIndex@CPlayerPed@@QAEXI@Z 77f070c0 f   playerped.obj
 0001:00006130       ?SetDead@CPlayerPed@@QAEXXZ 77f07130 f   playerped.obj
 0001:000061c0       ?SetAmmo@CPlayerPed@@QAEXEG@Z 77f071c0 f   playerped.obj
 0001:000061f0       ?ProcessParachutes@CPlayerPed@@QAEXXZ 77f071f0 f   playerped.obj
 0001:00006390       ?ProcessDancing@CPlayerPed@@QAEXXZ 77f07390 f   playerped.obj
 0001:000065a0       ?ProcessMarkers@CPlayerPed@@QAEXHMH@Z 77f075a0 f   playerped.obj
 0001:00006610       ??0CPlayerPed@@QAE@HHMMMME@Z 77f07610 f   playerped.obj
 0001:00006760       ?ExecuteScriptBuf@@YAHXZ   77f07760 f   scripting.obj
 0001:000067a0       ?ScriptCommand@@YAHPBUSCRIPT_COMMAND@@ZZ 77f077a0 f   scripting.obj
 0001:00006990       ?InitScripting@@YAXXZ      77f07990 f   scripting.obj
 0001:000069c0       ??0CTextDraw@@QAE@EPAU_TEXT_DRAW_TRANSMIT@@PADE@Z 77f079c0 f   textdraw.obj
 0001:00006ae0       ?MoveTo@CTextDraw@@QAEXE@Z 77f07ae0 f   textdraw.obj
 0001:00006b20       ?SetText@CTextDraw@@QAEXPAD@Z 77f07b20 f   textdraw.obj
 0001:00006b40       ?WorldAddEntity@@YGXPAK@Z  77f07b40 f   util.obj
 0001:00006b60       ?WorldRemoveEntity@@YGXPAK@Z 77f07b60 f   util.obj
 0001:00006b80       ?GamePool_Ped_GetAt@@YGPAU_PED_TYPE@@H@Z 77f07b80 f   util.obj
 0001:00006bb0       ?GamePool_Vehicle_GetAt@@YGPAU_VEHICLE_TYPE@@H@Z 77f07bb0 f   util.obj
 0001:00006be0       ?GamePool_Vehicle_GetIndex@@YGKPAU_VEHICLE_TYPE@@@Z 77f07be0 f   util.obj
 0001:00006c10       ?GamePool_Object_GetAt@@YGPAU_ENTITY_TYPE@@H@Z 77f07c10 f   util.obj
 0001:00006c40       ?GamePool_FindPlayerPed@@YGPAU_PED_TYPE@@XZ 77f07c40 f   util.obj
 0001:00006c50       ?GameGetWeaponModelIDFromWeaponID@@YGHH@Z 77f07c50 f   util.obj
 0001:00006e80       ?SetRadarColor@@YGXEK@Z    77f07e80 f   util.obj
 0001:00006ea0       ?TranslateColorCodeToRGBA@@YGKH@Z 77f07ea0 f   util.obj
 0001:00006ef0       ?Game_PedStatPrim@@YAHH@Z  77f07ef0 f   util.obj
 0001:00006f00       ?GameResetRadarColors@@YAXXZ 77f07f00 f   util.obj
 0001:00006f20       ?GamePrepareTrain@@YGXPAU_VEHICLE_TYPE@@@Z 77f07f20 f   util.obj
 0001:00006f60       ?SetPlayerPedPtrRecord@@YGXEK@Z 77f07f60 f   util.obj
 0001:00006f80       ?FindPlayerNumFromPedPtr@@YGEK@Z 77f07f80 f   util.obj
 0001:00006fb0       ?FloatDifference@@YAMMM@Z  77f07fb0 f   util.obj
 0001:00006fc0       ?FloatOffset@@YAMMM@Z      77f07fc0 f   util.obj
 0001:00006ff0       ?CompressNormalVector@@YAXPAU_VECTOR@@PAU_C_VECTOR1@@@Z 77f07ff0 f   util.obj
 0001:00007070       ?DecompressNormalVector@@YAXPAU_VECTOR@@PAU_C_VECTOR1@@@Z 77f08070 f   util.obj
 0001:00007110       ?DegToRad@@YAMM@Z          77f08110 f   util.obj
 0001:00007180       ?IsNumeric@@YA_NPAD@Z      77f08180 f   util.obj
 0001:000071b0       ?GameForcedExitHelper@@YAXXZ 77f081b0 f   util.obj
 0001:000071f0       ?GameForcedExit@@YAXH@Z    77f081f0 f   util.obj
 0001:00007310       ??1CVehicle@@UAE@XZ        77f08310 f   vehicle.obj
 0001:00007390       ?LinkToInterior@CVehicle@@QAEXH@Z 77f08390 f   vehicle.obj
 0001:000073c0       ?IsOccupied@CVehicle@@QAEHXZ 77f083c0 f   vehicle.obj
 0001:00007420       ?SetInvulnerable@CVehicle@@QAEXH@Z 77f08420 f   vehicle.obj
 0001:000074d0       ?GetHealth@CVehicle@@QAEMXZ 77f084d0 f   vehicle.obj
 0001:000074f0       ?SetHealth@CVehicle@@QAEXM@Z 77f084f0 f   vehicle.obj
 0001:00007510       ?SetColor@CVehicle@@QAEXHH@Z 77f08510 f   vehicle.obj
 0001:00007540       ?GetVehicleSubtype@CVehicle@@QAEIXZ 77f08540 f   vehicle.obj
 0001:000075b0       ?HasSunk@CVehicle@@QAEHXZ  77f085b0 f   vehicle.obj
 0001:000075d0       ?IsDriverLocalPlayer@CVehicle@@QAEHXZ 77f085d0 f   vehicle.obj
 0001:00007600       ?IsATrainPart@CVehicle@@QAEHXZ 77f08600 f   vehicle.obj
 0001:00007640       ?HasTurret@CVehicle@@QAEHXZ 77f08640 f   vehicle.obj
 0001:00007670       ?SetSirenOn@CVehicle@@QAEXH@Z 77f08670 f   vehicle.obj
 0001:00007690       ?IsSirenOn@CVehicle@@QAEHXZ 77f08690 f   vehicle.obj
 0001:000076b0       ?SetLandingGearState@CVehicle@@QAEXW4eLandingGearState@@@Z 77f086b0 f   vehicle.obj
 0001:000076e0       ?GetLandingGearState@CVehicle@@QAE?AW4eLandingGearState@@XZ 77f086e0 f   vehicle.obj
 0001:00007720       ?SetHydraThrusters@CVehicle@@QAEXK@Z 77f08720 f   vehicle.obj
 0001:00007740       ?GetHydraThrusters@CVehicle@@QAEKXZ 77f08740 f   vehicle.obj
 0001:00007760       ?ProcessMarkers@CVehicle@@QAEXXZ 77f08760 f   vehicle.obj
 0001:000078a0       ?SetDoorState@CVehicle@@QAEXH@Z 77f088a0 f   vehicle.obj
 0001:000078d0       ?UpdateLastDrivenTime@CVehicle@@QAEHXZ 77f088d0 f   vehicle.obj
 0001:00007900       ?GetTrainSpeed@CVehicle@@QAEMXZ 77f08900 f   vehicle.obj
 0001:00007910       ?SetTrainSpeed@CVehicle@@QAEXM@Z 77f08910 f   vehicle.obj
 0001:00007920       ?SetWheelPopped@CVehicle@@QAEXKK@Z 77f08920 f   vehicle.obj
 0001:00007960       ?GetWheelPopped@CVehicle@@QAEEK@Z 77f08960 f   vehicle.obj
 0001:000079a0       ?AttachTrailer@CVehicle@@QAEXXZ 77f089a0 f   vehicle.obj
 0001:000079c0       ?DetachTrailer@CVehicle@@QAEXXZ 77f089c0 f   vehicle.obj
 0001:000079e0       ?SetTrailer@CVehicle@@QAEXPAV1@@Z 77f089e0 f   vehicle.obj
 0001:000079f0       ?GetTrailer@CVehicle@@QAEPAV1@XZ 77f089f0 f   vehicle.obj
 0001:00007a40       ?IsRCVehicle@CVehicle@@QAEHXZ 77f08a40 f   vehicle.obj
 0001:00007a80       ??_ECVehicle@@UAEPAXI@Z    77f08a80 f i vehicle.obj
 0001:00007a80       ??_GCVehicle@@UAEPAXI@Z    77f08a80 f i vehicle.obj
 0001:00007aa0       ?Add@CVehicle@@UAEXXZ      77f08aa0 f   vehicle.obj
 0001:00007ad0       ?Remove@CVehicle@@UAEXXZ   77f08ad0 f   vehicle.obj
 0001:00007b00       ??0CVehicle@@QAE@HMMMMPAD@Z 77f08b00 f   vehicle.obj
 0001:00007ee0       ?ProcessIncommingEvent@@YAXEHKKK@Z 77f08ee0 f   events.obj
 0001:00008040       ?SendScmEvent@@YAXHKKK@Z   77f09040 f   events.obj
 0001:00008130       ?ProcessOutgoingEvent@@YAXHKKK@Z 77f09130 f   events.obj
 0001:00008240       ?SetEventCustomOpcode@@YAXXZ 77f09240 f   events.obj
 0001:000082b0       ?InstallSCMEventsProcessor@@YAXXZ 77f092b0 f   events.obj
 0001:000082c0       ??0CGangZonePool@@QAE@XZ   77f092c0 f   gangzonepool.obj
 0001:000082f0       ??1CGangZonePool@@QAE@XZ   77f092f0 f   gangzonepool.obj
 0001:00008320       ?New@CGangZonePool@@QAEXGMMMMK@Z 77f09320 f   gangzonepool.obj
 0001:000083a0       ?Flash@CGangZonePool@@QAEXGK@Z 77f093a0 f   gangzonepool.obj
 0001:000083c0       ?StopFlash@CGangZonePool@@QAEXG@Z 77f093c0 f   gangzonepool.obj
 0001:000083e0       ?Delete@CGangZonePool@@QAEXG@Z 77f093e0 f   gangzonepool.obj
 0001:00008410       ?Draw@CGangZonePool@@QAEXXZ 77f09410 f   gangzonepool.obj
 0001:00008480       ??0CHttpClient@@QAE@XZ     77f09480 f   httpclient.obj
 0001:000084e0       ??1CHttpClient@@QAE@XZ     77f094e0 f   httpclient.obj
 0001:00008550       ?GetHeaderValue@CHttpClient@@QAE_NPAD0H@Z 77f09550 f   httpclient.obj
 0001:000085e0       ?InitRequest@CHttpClient@@AAEXHPAD00@Z 77f095e0 f   httpclient.obj
 0001:000087b0       ?HandleEntity@CHttpClient@@AAEXXZ 77f097b0 f   httpclient.obj
 0001:00008ad0       ?Connect@CHttpClient@@AAE_NPADH@Z 77f09ad0 f   httpclient.obj
 0001:00008b90       ?Process@CHttpClient@@AAEXXZ 77f09b90 f   httpclient.obj
 0001:00008d70       ?ProcessURL@CHttpClient@@QAEHHPAD00@Z 77f09d70 f   httpclient.obj
 0001:00008da0       ?ResetAllSyncAttributes@CLocalPlayer@@QAEXXZ 77f09da0 f   localplayer.obj
 0001:00008dc0       ?ApplySpecialAction@CLocalPlayer@@QAEXE@Z 77f09dc0 f   localplayer.obj
 0001:00008ec0       ?GetSpecialAction@CLocalPlayer@@QAEEXZ 77f09ec0 f   localplayer.obj
 0001:00008f50       ?GetOptimumInCarSendRate@CLocalPlayer@@QAEHH@Z 77f09f50 f   localplayer.obj
 0001:00009040       ?GetOptimumOnFootSendRate@CLocalPlayer@@QAEHH@Z 77f0a040 f   localplayer.obj
 0001:00009130       ?RequestSpawn@CLocalPlayer@@QAEXXZ 77f0a130 f   localplayer.obj
 0001:000091b0       ?SetSpawnInfo@CLocalPlayer@@QAEXPAU_PLAYER_SPAWN_INFO@@@Z 77f0a1b0 f   localplayer.obj
 0001:000091d0       ?Spawn@CLocalPlayer@@QAEHXZ 77f0a1d0 f   localplayer.obj
 0001:000093f0       ?SetPlayerColor@CLocalPlayer@@QAEXK@Z 77f0a3f0 f   localplayer.obj
 0001:00009410       ?GetPlayerColorAsARGB@CLocalPlayer@@QAEKXZ 77f0a410 f   localplayer.obj
 0001:00009430       ?ProcessOnFootWorldBounds@CLocalPlayer@@QAEXXZ 77f0a430 f   localplayer.obj
 0001:00009490       ?ProcessInCarWorldBounds@CLocalPlayer@@QAEXXZ 77f0a490 f   localplayer.obj
 0001:00009520       ?HandleClassSelectionOutcome@CLocalPlayer@@QAEXH@Z 77f0a520 f   localplayer.obj
 0001:00009560       ?DetermineNumberOfPlayersInLocalRange@CLocalPlayer@@QAEHXZ 77f0a560 f   localplayer.obj
 0001:000095e0       ?ToggleSpectating@CLocalPlayer@@QAEXH@Z 77f0a5e0 f   localplayer.obj
 0001:00009630       ?SpectateVehicle@CLocalPlayer@@QAEXG@Z 77f0a630 f   localplayer.obj
 0001:00009670       ?SpectatePlayer@CLocalPlayer@@QAEXE@Z 77f0a670 f   localplayer.obj
 0001:000096c0       ??0CLocalPlayer@@QAE@XZ    77f0a6c0 f   localplayer.obj
 0001:000097a0       ?SendOnFootFullSyncData@CLocalPlayer@@QAEXXZ 77f0a7a0 f   localplayer.obj
 0001:00009a10       ?SendAimSyncData@CLocalPlayer@@QAEXXZ 77f0aa10 f   localplayer.obj
 0001:00009b90       ?SendInCarFullSyncData@CLocalPlayer@@QAEXXZ 77f0ab90 f   localplayer.obj
 0001:0000a010       ?SendPassengerFullSyncData@CLocalPlayer@@QAEXXZ 77f0b010 f   localplayer.obj
 0001:0000a1a0       ?SendWastedNotification@CLocalPlayer@@QAEXXZ 77f0b1a0 f   localplayer.obj
 0001:0000a260       ?RequestClass@CLocalPlayer@@QAEXH@Z 77f0b260 f   localplayer.obj
 0001:0000a300       ?UpdateRemoteInterior@CLocalPlayer@@QAEXE@Z 77f0b300 f   localplayer.obj
 0001:0000a3a0       ?Say@CLocalPlayer@@QAEXPAD@Z 77f0b3a0 f   localplayer.obj
 0001:0000a460       ?Msg@CLocalPlayer@@QAEXEPAD@Z 77f0b460 f   localplayer.obj
 0001:0000a5a0       ?TeamMsg@CLocalPlayer@@QAEXPAD@Z 77f0b5a0 f   localplayer.obj
 0001:0000a660       ?SendEnterVehicleNotification@CLocalPlayer@@QAEXGH@Z 77f0b660 f   localplayer.obj
 0001:0000a770       ?SendExitVehicleNotification@CLocalPlayer@@QAEXG@Z 77f0b770 f   localplayer.obj
 0001:0000a870       ?SendStatsUpdate@CLocalPlayer@@QAEXXZ 77f0b870 f   localplayer.obj
 0001:0000a950       ?ProcessClassSelection@CLocalPlayer@@QAEXXZ 77f0b950 f   localplayer.obj
 0001:0000abe0       ?HandleClassSelection@CLocalPlayer@@QAEXXZ 77f0bbe0 f   localplayer.obj
 0001:0000ac50       ?CheckWeapons@CLocalPlayer@@QAEXXZ 77f0bc50 f   localplayer.obj
 0001:0000adf0       ?ProcessSpectating@CLocalPlayer@@QAEXXZ 77f0bdf0 f   localplayer.obj
 0001:0000b0f0       ?HandlePassengerEntry@CLocalPlayer@@QAEXXZ 77f0c0f0 f   localplayer.obj
 0001:0000b190       ?Process@CLocalPlayer@@QAEHXZ 77f0c190 f   localplayer.obj
 0001:0000b960       ??0CMenuPool@@QAE@XZ       77f0c960 f   menupool.obj
 0001:0000b990       ?New@CMenuPool@@QAEPAVCMenu@@EPADMMEMMPAUMENU_INT@@@Z 77f0c990 f   menupool.obj
 0001:0000ba60       ?Delete@CMenuPool@@QAEHE@Z 77f0ca60 f   menupool.obj
 0001:0000bab0       ?ShowMenu@CMenuPool@@QAEXE@Z 77f0cab0 f   menupool.obj
 0001:0000bb10       ?HideMenu@CMenuPool@@QAEXE@Z 77f0cb10 f   menupool.obj
 0001:0000bb50       ?GetTextPointer@CMenuPool@@QAEPADPAD@Z 77f0cb50 f   menupool.obj
 0001:0000bcb0       ??1CMenuPool@@QAE@XZ       77f0ccb0 f   menupool.obj
 0001:0000bcf0       ?Process@CMenuPool@@QAEXXZ 77f0ccf0 f   menupool.obj
 0001:0000be50       ??$Read@_N@BitStream@RakNet@@QAE_NAA_N@Z 77f0ce50 f i netgame.obj
 0001:0000beb0       ??0CPickupPool@@QAE@XZ     77f0ceb0 f i netgame.obj
 0001:0000bef0       ??0CNetGame@@QAE@PADH00@Z  77f0cef0 f   netgame.obj
 0001:0000c220       ?InitGameLogic@CNetGame@@QAEXXZ 77f0d220 f   netgame.obj
 0001:0000c240       ?UpdatePlayerScoresAndPings@CNetGame@@QAEXXZ 77f0d240 f   netgame.obj
 0001:0000c2e0       ?ResetVehiclePool@CNetGame@@QAEXXZ 77f0d2e0 f   netgame.obj
 0001:0000c360       ?ResetPickupPool@CNetGame@@QAEXXZ 77f0d360 f   netgame.obj
 0001:0000c3b0       ?ResetMenuPool@CNetGame@@QAEXXZ 77f0d3b0 f   netgame.obj
 0001:0000c430       ?ResetTextDrawPool@CNetGame@@QAEXXZ 77f0d430 f   netgame.obj
 0001:0000c4b0       ?ResetObjectPool@CNetGame@@QAEXXZ 77f0d4b0 f   netgame.obj
 0001:0000c530       ?ResetGangZonePool@CNetGame@@QAEXXZ 77f0d530 f   netgame.obj
 0001:0000c5b0       ?DisableMapIcon@CNetGame@@QAEXE@Z 77f0d5b0 f   netgame.obj
 0001:0000c5e0       ??1CNetGame@@QAE@XZ        77f0d5e0 f   netgame.obj
 0001:0000c6d0       ?ShutdownForGameModeRestart@CNetGame@@QAEXXZ 77f0d6d0 f   netgame.obj
 0001:0000c890       ?Packet_PlayerSync@CNetGame@@AAEXPAUPacket@@@Z 77f0d890 f   netgame.obj
 0001:0000cb60       ?Packet_AimSync@CNetGame@@AAEXPAUPacket@@@Z 77f0db60 f   netgame.obj
 0001:0000cc40       ?Packet_VehicleSync@CNetGame@@AAEXPAUPacket@@@Z 77f0dc40 f   netgame.obj
 0001:0000cf50       ?Packet_PassengerSync@CNetGame@@AAEXPAUPacket@@@Z 77f0df50 f   netgame.obj
 0001:0000d030       ?Packet_TrailerSync@CNetGame@@AAEXPAUPacket@@@Z 77f0e030 f   netgame.obj
 0001:0000d110       ?Packet_ConnectionSucceeded@CNetGame@@AAEXPAUPacket@@@Z 77f0e110 f   netgame.obj
 0001:0000d220       ?SetMapIcon@CNetGame@@QAEXEMMMEK@Z 77f0e220 f   netgame.obj
 0001:0000d280       ?UpdateNetwork@CNetGame@@AAEXXZ 77f0e280 f   netgame.obj
 0001:0000d450       ?Process@CNetGame@@QAEXXZ  77f0e450 f   netgame.obj
 0001:0000d930       ?DisableCheckpoint@@YAXPAURPCParameters@@@Z 77f0e930 f   netrpc.obj
 0001:0000d940       ?DisableRaceCheckpoint@@YAXPAURPCParameters@@@Z 77f0e940 f   netrpc.obj
 0001:0000d950       ?SvrStats@@YAXPAURPCParameters@@@Z 77f0e950 f   netrpc.obj
 0001:0000d9e0       ?GameModeRestart@@YAXPAURPCParameters@@@Z 77f0e9e0 f   netrpc.obj
 0001:0000d9f0       ?Instagib@@YAXPAURPCParameters@@@Z 77f0e9f0 f   netrpc.obj
 0001:0000da40       ?ACServerProtected@@YAXPAURPCParameters@@@Z 77f0ea40 f   netrpc.obj
 0001:0000da80       ?UnRegisterRPCs@@YAXPAVRakClientInterface@@@Z 77f0ea80 f   netrpc.obj
 0001:0000dc20       ?ServerJoin@@YAXPAURPCParameters@@@Z 77f0ec20 f   netrpc.obj
 0001:0000dd00       ?ServerQuit@@YAXPAURPCParameters@@@Z 77f0ed00 f   netrpc.obj
 0001:0000ddc0       ?InitGame@@YAXPAURPCParameters@@@Z 77f0edc0 f   netrpc.obj
 0001:0000e0e0       ?Chat@@YAXPAURPCParameters@@@Z 77f0f0e0 f   netrpc.obj
 0001:0000e220       ?Privmsg@@YAXPAURPCParameters@@@Z 77f0f220 f   netrpc.obj
 0001:0000e380       ?TeamPrivmsg@@YAXPAURPCParameters@@@Z 77f0f380 f   netrpc.obj
 0001:0000e4c0       ?RequestClass@@YAXPAURPCParameters@@@Z 77f0f4c0 f   netrpc.obj
 0001:0000e590       ?RequestSpawn@@YAXPAURPCParameters@@@Z 77f0f590 f   netrpc.obj
 0001:0000e660       ?Spawn@@YAXPAURPCParameters@@@Z 77f0f660 f   netrpc.obj
 0001:0000e7c0       ?Death@@YAXPAURPCParameters@@@Z 77f0f7c0 f   netrpc.obj
 0001:0000e870       ?EnterVehicle@@YAXPAURPCParameters@@@Z 77f0f870 f   netrpc.obj
 0001:0000e960       ?ExitVehicle@@YAXPAURPCParameters@@@Z 77f0f960 f   netrpc.obj
 0001:0000ea30       ?VehicleSpawn@@YAXPAURPCParameters@@@Z 77f0fa30 f   netrpc.obj
 0001:0000edd0       ?SetCheckpoint@@YAXPAURPCParameters@@@Z 77f0fdd0 f   netrpc.obj
 0001:0000eee0       ?SetRaceCheckpoint@@YAXPAURPCParameters@@@Z 77f0fee0 f   netrpc.obj
 0001:0000f040       ?UpdateScoresPingsIPs@@YAXPAURPCParameters@@@Z 77f10040 f   netrpc.obj
 0001:0000f180       ?ConnectionRejected@@YAXPAURPCParameters@@@Z 77f10180 f   netrpc.obj
 0001:0000f2d0       ?ClientMessage@@YAXPAURPCParameters@@@Z 77f102d0 f   netrpc.obj
 0001:0000f3b0       ?WorldTime@@YAXPAURPCParameters@@@Z 77f103b0 f   netrpc.obj
 0001:0000f450       ?Pickup@@YAXPAURPCParameters@@@Z 77f10450 f   netrpc.obj
 0001:0000f500       ?DestroyPickup@@YAXPAURPCParameters@@@Z 77f10500 f   netrpc.obj
 0001:0000f5a0       ?DestroyWeaponPickup@@YAXPAURPCParameters@@@Z 77f105a0 f   netrpc.obj
 0001:0000f640       ?ScmEvent@@YAXPAURPCParameters@@@Z 77f10640 f   netrpc.obj
 0001:0000f730       ?Weather@@YAXPAURPCParameters@@@Z 77f10730 f   netrpc.obj
 0001:0000f7d0       ?SetTimeEx@@YAXPAURPCParameters@@@Z 77f107d0 f   netrpc.obj
 0001:0000f8a0       ?ToggleClock@@YAXPAURPCParameters@@@Z 77f108a0 f   netrpc.obj
 0001:0000f970       ?VehicleDestroy@@YAXPAURPCParameters@@@Z 77f10970 f   netrpc.obj
 0001:0000fa70       ?RegisterRPCs@@YAXPAVRakClientInterface@@@Z 77f10a70 f   netrpc.obj
 0001:0000fcb0       ??0CObjectPool@@QAE@XZ     77f10cb0 f   objectpool.obj
 0001:0000fce0       ?Delete@CObjectPool@@QAEHE@Z 77f10ce0 f   objectpool.obj
 0001:0000fd30       ?New@CObjectPool@@QAEHEHU_VECTOR@@0@Z 77f10d30 f   objectpool.obj
 0001:0000fdb0       ?Process@CObjectPool@@QAEXXZ 77f10db0 f   objectpool.obj
 0001:0000fe30       ??1CObjectPool@@QAE@XZ     77f10e30 f   objectpool.obj
 0001:0000fe80       ?New@CPickupPool@@QAEXPAU_PICKUP@@H@Z 77f10e80 f   pickuppool.obj
 0001:0000ff20       ?Destroy@CPickupPool@@QAEXH@Z 77f10f20 f   pickuppool.obj
 0001:0000ff80       ?DestroyDropped@CPickupPool@@QAEXE@Z 77f10f80 f   pickuppool.obj
 0001:0000fff0       ??1CPickupPool@@QAE@XZ     77f10ff0 f   pickuppool.obj
 0001:00010020       ?PickedUp@CPickupPool@@QAEXH@Z 77f11020 f   pickuppool.obj
 0001:00010100       ?Process@CPickupPool@@QAEXXZ 77f11100 f   pickuppool.obj
 0001:000101f0       ??0CPlayerPool@@QAE@XZ     77f111f0 f   playerpool.obj
 0001:00010280       ?New@CPlayerPool@@QAEHEPAD@Z 77f11280 f   playerpool.obj
 0001:00010330       ?Process@CPlayerPool@@QAEHXZ 77f11330 f   playerpool.obj
 0001:00010430       ?FindRemotePlayerIDFromGtaPtr@CPlayerPool@@QAEEPAU_PED_TYPE@@@Z 77f11430 f   playerpool.obj
 0001:00010490       ?GetCount@CPlayerPool@@QAEEXZ 77f11490 f   playerpool.obj
 0001:000104b0       ?DeactivateAll@CPlayerPool@@QAEXXZ 77f114b0 f   playerpool.obj
 0001:000104f0       ?Delete@CPlayerPool@@QAEHEE@Z 77f114f0 f   playerpool.obj
 0001:00010570       ??1CPlayerPool@@QAE@XZ     77f11570 f   playerpool.obj
 0001:000105b0       ??1CRemotePlayer@@QAE@XZ   77f115b0 f   remoteplayer.obj
 0001:000105e0       ?HandlePlayerPedStreaming@CRemotePlayer@@QAEXXZ 77f115e0 f   remoteplayer.obj
 0001:000106a0       ?HandleVehicleEntryExit@CRemotePlayer@@QAEXXZ 77f116a0 f   remoteplayer.obj
 0001:00010740       ?ProcessSpecialActions@CRemotePlayer@@QAEXE@Z 77f11740 f   remoteplayer.obj
 0001:00010950       ?UpdateOnFootPositionAndSpeed@CRemotePlayer@@QAEXPAU_VECTOR@@0@Z 77f11950 f   remoteplayer.obj
 0001:00010ad0       ?UpdateInCarMatrixAndSpeed@CRemotePlayer@@QAEXU_MATRIX4X4@@U_VECTOR@@@Z 77f11ad0 f   remoteplayer.obj
 0001:00010e40       ?UpdateTrainDriverMatrixAndSpeed@CRemotePlayer@@QAEXPAU_MATRIX4X4@@PAU_VECTOR@@M@Z 77f11e40 f   remoteplayer.obj
 0001:00010f40       ?UpdateAimFromSyncData@CRemotePlayer@@QAEXPAU_AIM_SYNC_DATA@@@Z 77f11f40 f   remoteplayer.obj
 0001:00011060       ?StoreTrailerFullSyncData@CRemotePlayer@@QAEXPAU_TRAILER_SYNC_DATA@@@Z 77f12060 f   remoteplayer.obj
 0001:00011110       ?ResetAllSyncAttributes@CRemotePlayer@@QAEXXZ 77f12110 f   remoteplayer.obj
 0001:00011190       ?Privmsg@CRemotePlayer@@QAEXPAD@Z 77f12190 f   remoteplayer.obj
 0001:000111f0       ?TeamPrivmsg@CRemotePlayer@@QAEXPAD@Z 77f121f0 f   remoteplayer.obj
 0001:00011250       ?GetDistanceFromLocalPlayer@CRemotePlayer@@QAEMXZ 77f12250 f   remoteplayer.obj
 0001:00011280       ?SetPlayerColor@CRemotePlayer@@QAEXK@Z 77f12280 f   remoteplayer.obj
 0001:000112a0       ?GetPlayerColorAsARGB@CRemotePlayer@@QAEKXZ 77f122a0 f   remoteplayer.obj
 0001:000112c0       ?StateChange@CRemotePlayer@@QAEXEE@Z 77f122c0 f   remoteplayer.obj
 0001:00011370       ??0CRemotePlayer@@QAE@XZ   77f12370 f   remoteplayer.obj
 0001:000113c0       ?Process@CRemotePlayer@@QAEXE@Z 77f123c0 f   remoteplayer.obj
 0001:00011aa0       ?StoreOnFootFullSyncData@CRemotePlayer@@QAEXPAU_ONFOOT_SYNC_DATA@@@Z 77f12aa0 f   remoteplayer.obj
 0001:00011b10       ?StoreInCarFullSyncData@CRemotePlayer@@QAEXPAU_INCAR_SYNC_DATA@@@Z 77f12b10 f   remoteplayer.obj
 0001:00011bb0       ?StorePassengerFullSyncData@CRemotePlayer@@QAEXPAU_PASSENGER_SYNC_DATA@@@Z 77f12bb0 f   remoteplayer.obj
 0001:00011c70       ?Spawn@CRemotePlayer@@QAEHEHPAU_VECTOR@@MK@Z 77f12c70 f   remoteplayer.obj
 0001:00011d40       ?HandleDeath@CRemotePlayer@@QAEXXZ 77f12d40 f   remoteplayer.obj
 0001:00011d70       ?Say@CRemotePlayer@@QAEXPAE@Z 77f12d70 f   remoteplayer.obj
 0001:00011db0       ?EnterVehicle@CRemotePlayer@@QAEXGH@Z 77f12db0 f   remoteplayer.obj
 0001:00011e40       ?ExitVehicle@CRemotePlayer@@QAEXXZ 77f12e40 f   remoteplayer.obj
 0001:00011ea0       ?Util_stristr@@YAPADPBD0@Z 77f12ea0 f   runutil.obj
 0001:00011f60       ?Util_Base64Encode@@YAXPAD0@Z 77f12f60 f   runutil.obj
 0001:00012010       ?ScrSetSpawnInfo@@YAXPAURPCParameters@@@Z 77f13010 f   scriptrpc.obj
 0001:000120b0       ?ScrRemovePlayerFromVehicle@@YAXPAURPCParameters@@@Z 77f130b0 f   scriptrpc.obj
 0001:00012140       ?ScrSetCameraBehindPlayer@@YAXPAURPCParameters@@@Z 77f13140 f   scriptrpc.obj
 0001:00012150       ?ScrResetMoney@@YAXPAURPCParameters@@@Z 77f13150 f   scriptrpc.obj
 0001:00012160       ?ScrResetPlayerWeapons@@YAXPAURPCParameters@@@Z 77f13160 f   scriptrpc.obj
 0001:00012180       ?ScrForceSpawnSelection@@YAXPAURPCParameters@@@Z 77f13180 f   scriptrpc.obj
 0001:000121a0       ?ScrEnableStuntBonus@@YAXPAURPCParameters@@@Z 77f131a0 f   scriptrpc.obj
 0001:00012230       ?UnRegisterScriptRPCs@@YAXPAVRakClientInterface@@@Z 77f13230 f   scriptrpc.obj
 0001:00012580       ?ScrSetPlayerTeam@@YAXPAURPCParameters@@@Z 77f13580 f   scriptrpc.obj
 0001:00012660       ?ScrSetPlayerName@@YAXPAURPCParameters@@@Z 77f13660 f   scriptrpc.obj
 0001:00012790       ?ScrSetPlayerSkin@@YAXPAURPCParameters@@@Z 77f13790 f   scriptrpc.obj
 0001:00012880       ?ScrSetPlayerPos@@YAXPAURPCParameters@@@Z 77f13880 f   scriptrpc.obj
 0001:00012960       ?ScrSetPlayerPosFindZ@@YAXPAURPCParameters@@@Z 77f13960 f   scriptrpc.obj
 0001:00012a60       ?ScrSetPlayerHealth@@YAXPAURPCParameters@@@Z 77f13a60 f   scriptrpc.obj
 0001:00012b10       ?ScrPutPlayerInVehicle@@YAXPAURPCParameters@@@Z 77f13b10 f   scriptrpc.obj
 0001:00012c30       ?ScrSetPlayerColor@@YAXPAURPCParameters@@@Z 77f13c30 f   scriptrpc.obj
 0001:00012d10       ?ScrDisplayGameText@@YAXPAURPCParameters@@@Z 77f13d10 f   scriptrpc.obj
 0001:00012e00       ?ScrSetInterior@@YAXPAURPCParameters@@@Z 77f13e00 f   scriptrpc.obj
 0001:00012ea0       ?ScrSetCameraPos@@YAXPAURPCParameters@@@Z 77f13ea0 f   scriptrpc.obj
 0001:00012f70       ?ScrSetCameraLookAt@@YAXPAURPCParameters@@@Z 77f13f70 f   scriptrpc.obj
 0001:00013040       ?ScrSetVehiclePos@@YAXPAURPCParameters@@@Z 77f14040 f   scriptrpc.obj
 0001:00013140       ?ScrSetVehicleZAngle@@YAXPAURPCParameters@@@Z 77f14140 f   scriptrpc.obj
 0001:00013220       ?ScrVehicleParams@@YAXPAURPCParameters@@@Z 77f14220 f   scriptrpc.obj
 0001:000132f0       ?ScrLinkVehicle@@YAXPAURPCParameters@@@Z 77f142f0 f   scriptrpc.obj
 0001:000133a0       ?ScrTogglePlayerControllable@@YAXPAURPCParameters@@@Z 77f143a0 f   scriptrpc.obj
 0001:00013450       ?ScrPlaySound@@YAXPAURPCParameters@@@Z 77f14450 f   scriptrpc.obj
 0001:00013530       ?ScrSetWorldBounds@@YAXPAURPCParameters@@@Z 77f14530 f   scriptrpc.obj
 0001:00013600       ?ScrHaveSomeMoney@@YAXPAURPCParameters@@@Z 77f14600 f   scriptrpc.obj
 0001:000136a0       ?ScrSetPlayerFacingAngle@@YAXPAURPCParameters@@@Z 77f146a0 f   scriptrpc.obj
 0001:00013740       ?ScrGivePlayerWeapon@@YAXPAURPCParameters@@@Z 77f14740 f   scriptrpc.obj
 0001:00013800       ?ScrRespawnVehicle@@YAXPAURPCParameters@@@Z 77f14800 f   scriptrpc.obj
 0001:00013910       ?ScrDeathMessage@@YAXPAURPCParameters@@@Z 77f14910 f   scriptrpc.obj
 0001:00013ab0       ?ScrSetMapIcon@@YAXPAURPCParameters@@@Z 77f14ab0 f   scriptrpc.obj
 0001:00013bc0       ?ScrDisableMapIcon@@YAXPAURPCParameters@@@Z 77f14bc0 f   scriptrpc.obj
 0001:00013c60       ?ScrSetPlayerArmour@@YAXPAURPCParameters@@@Z 77f14c60 f   scriptrpc.obj
 0001:00013d10       ?ScrSetWeaponAmmo@@YAXPAURPCParameters@@@Z 77f14d10 f   scriptrpc.obj
 0001:00013dd0       ?ScrSetGravity@@YAXPAURPCParameters@@@Z 77f14dd0 f   scriptrpc.obj
 0001:00013e70       ?ScrSetVehicleHealth@@YAXPAURPCParameters@@@Z 77f14e70 f   scriptrpc.obj
 0001:00013f40       ?ScrAttachTrailerToVehicle@@YAXPAURPCParameters@@@Z 77f14f40 f   scriptrpc.obj
 0001:00014030       ?ScrDetachTrailerFromVehicle@@YAXPAURPCParameters@@@Z 77f15030 f   scriptrpc.obj
 0001:000140f0       ?ScrCreateObject@@YAXPAURPCParameters@@@Z 77f150f0 f   scriptrpc.obj
 0001:00014240       ?ScrSetObjectPos@@YAXPAURPCParameters@@@Z 77f15240 f   scriptrpc.obj
 0001:00014350       ?ScrSetObjectRotation@@YAXPAURPCParameters@@@Z 77f15350 f   scriptrpc.obj
 0001:00014450       ?ScrDestroyObject@@YAXPAURPCParameters@@@Z 77f15450 f   scriptrpc.obj
 0001:00014510       ?ScrSetPlayerVirtualWorld@@YAXPAURPCParameters@@@Z 77f15510 f   scriptrpc.obj
 0001:00014610       ?ScrSetVehicleVirtualWorld@@YAXPAURPCParameters@@@Z 77f15610 f   scriptrpc.obj
 0001:000146e0       ?ScrCreateExplosion@@YAXPAURPCParameters@@@Z 77f156e0 f   scriptrpc.obj
 0001:000147f0       ?ScrShowNameTag@@YAXPAURPCParameters@@@Z 77f157f0 f   scriptrpc.obj
 0001:000148c0       ?ScrMoveObject@@YAXPAURPCParameters@@@Z 77f158c0 f   scriptrpc.obj
 0001:00014a20       ?ScrStopObject@@YAXPAURPCParameters@@@Z 77f15a20 f   scriptrpc.obj
 0001:00014b20       ?ScrNumberPlate@@YAXPAURPCParameters@@@Z 77f15b20 f   scriptrpc.obj
 0001:00014be0       ?ScrTogglePlayerSpectating@@YAXPAURPCParameters@@@Z 77f15be0 f   scriptrpc.obj
 0001:00014c80       ?ScrSetPlayerSpectating@@YAXPAURPCParameters@@@Z 77f15c80 f   scriptrpc.obj
 0001:00014d50       ?ScrPlayerSpectatePlayer@@YAXPAURPCParameters@@@Z 77f15d50 f   scriptrpc.obj
 0001:00014e20       ?ScrPlayerSpectateVehicle@@YAXPAURPCParameters@@@Z 77f15e20 f   scriptrpc.obj
 0001:00014ef0       ?ScrRemoveComponent@@YAXPAURPCParameters@@@Z 77f15ef0 f   scriptrpc.obj
 0001:00014fc0       ?ScrAttachObjectToPlayer@@YAXPAURPCParameters@@@Z 77f15fc0 f   scriptrpc.obj
 0001:000151a0       ?ScrInitMenu@@YAXPAURPCParameters@@@Z 77f161a0 f   scriptrpc.obj
 0001:00015460       ?ScrShowMenu@@YAXPAURPCParameters@@@Z 77f16460 f   scriptrpc.obj
 0001:00015500       ?ScrHideMenu@@YAXPAURPCParameters@@@Z 77f16500 f   scriptrpc.obj
 0001:000155a0       ?ScrSetPlayerWantedLevel@@YAXPAURPCParameters@@@Z 77f165a0 f   scriptrpc.obj
 0001:00015640       ?ScrShowTextDraw@@YAXPAURPCParameters@@@Z 77f16640 f   scriptrpc.obj
 0001:00015720       ?ScrHideTextDraw@@YAXPAURPCParameters@@@Z 77f16720 f   scriptrpc.obj
 0001:000157c0       ?ScrEditTextDraw@@YAXPAURPCParameters@@@Z 77f167c0 f   scriptrpc.obj
 0001:000158a0       ?ScrAddGangZone@@YAXPAURPCParameters@@@Z 77f168a0 f   scriptrpc.obj
 0001:000159c0       ?ScrRemoveGangZone@@YAXPAURPCParameters@@@Z 77f169c0 f   scriptrpc.obj
 0001:00015a60       ?ScrFlashGangZone@@YAXPAURPCParameters@@@Z 77f16a60 f   scriptrpc.obj
 0001:00015b20       ?ScrStopFlashGangZone@@YAXPAURPCParameters@@@Z 77f16b20 f   scriptrpc.obj
 0001:00015bc0       ?ScrApplyAnimation@@YAXPAURPCParameters@@@Z 77f16bc0 f   scriptrpc.obj
 0001:00015db0       ?ScrClearAnimations@@YAXPAURPCParameters@@@Z 77f16db0 f   scriptrpc.obj
 0001:00015ea0       ?ScrSetSpecialAction@@YAXPAURPCParameters@@@Z 77f16ea0 f   scriptrpc.obj
 0001:00015f50       ?RegisterScriptRPCs@@YAXPAVRakClientInterface@@@Z 77f16f50 f   scriptrpc.obj
 0001:00016400       ??0CTextDrawPool@@QAE@XZ   77f17400 f   textdrawpool.obj
 0001:00016440       ?New@CTextDrawPool@@QAEPAVCTextDraw@@GPAU_TEXT_DRAW_TRANSMIT@@PAD@Z 77f17440 f   textdrawpool.obj
 0001:00016530       ?Delete@CTextDrawPool@@QAEXG@Z 77f17530 f   textdrawpool.obj
 0001:000165b0       ?Process@CTextDrawPool@@QAEXXZ 77f175b0 f   textdrawpool.obj
 0001:000165d0       ?GetTextPointer@CTextDrawPool@@QAEPADPAD@Z 77f175d0 f   textdrawpool.obj
 0001:00016600       ??1CTextDrawPool@@QAE@XZ   77f17600 f   textdrawpool.obj
 0001:00016650       ??0CVehiclePool@@QAE@XZ    77f17650 f   vehiclepool.obj
 0001:00016690       ?Delete@CVehiclePool@@QAEHG@Z 77f17690 f   vehiclepool.obj
 0001:000166e0       ?LinkToInterior@CVehiclePool@@QAEXGH@Z 77f176e0 f   vehiclepool.obj
 0001:00016710       ?AssignSpecialParamsToVehicle@CVehiclePool@@QAEXGEE@Z 77f17710 f   vehiclepool.obj
 0001:00016780       ?FindIDFromGtaPtr@CVehiclePool@@QAEGPAU_VEHICLE_TYPE@@@Z 77f17780 f   vehiclepool.obj
 0001:000167b0       ?FindGtaIDFromID@CVehiclePool@@QAEHH@Z 77f177b0 f   vehiclepool.obj
 0001:000167d0       ?FindGtaIDFromGtaPtr@CVehiclePool@@QAEHPAU_VEHICLE_TYPE@@@Z 77f177d0 f   vehiclepool.obj
 0001:000167e0       ?SetForRespawn@CVehiclePool@@QAEXGH@Z 77f177e0 f   vehiclepool.obj
 0001:00016820       ?FindNearestToLocalPlayerPed@CVehiclePool@@QAEHXZ 77f17820 f   vehiclepool.obj
 0001:00016890       ??1CVehiclePool@@QAE@XZ    77f17890 f   vehiclepool.obj
 0001:000168e0       ?Spawn@CVehiclePool@@QAEHGHPAU_VECTOR@@MHHHPADHH@Z 77f178e0 f   vehiclepool.obj
 0001:000169f0       ?NotifyVehicleDeath@CVehiclePool@@QAEXG@Z 77f179f0 f   vehiclepool.obj
 0001:00016aa0       ?New@CVehiclePool@@QAEHGHPAU_VECTOR@@MHH0MHPAD@Z 77f17aa0 f   vehiclepool.obj
 0001:00016b50       ?Process@CVehiclePool@@QAEXXZ 77f17b50 f   vehiclepool.obj
 0001:00016db0       ??0CACGhost@@QAE@XZ        77f17db0 f   acghost.obj
 0001:00016dc0       ??1CACGhost@@QAE@XZ        77f17dc0 f   acghost.obj
 0001:00016e10       ?InitializeAsArchive@CACGhost@@AAEXAAVBitStream@RakNet@@@Z 77f17e10 f   acghost.obj
 0001:00016f50       ?DownloadAndInitialize@CACGhost@@QAEHXZ 77f17f50 f   acghost.obj
 0001:000170f0       ??0CAntiCheat@@QAE@XZ      77f180f0 f   anticheat.obj
 0001:00017100       ??1CAntiCheat@@QAE@XZ      77f18100 f   anticheat.obj
 0001:00017100       ?Disable@CAntiCheat@@QAEXXZ 77f18100 f   anticheat.obj
 0001:00017150       ?Enable@CAntiCheat@@QAEXXZ 77f18150 f   anticheat.obj
 0001:000172a0       ??0CChatWindow@@QAE@PAUIDirect3DDevice9@@PAUID3DXFont@@@Z 77f182a0 f   chatwindow.obj
 0001:00017350       ?ResetDialogControls@CChatWindow@@QAEXPAVCDXUTDialog@@@Z 77f18350 f   chatwindow.obj
 0001:00017460       ?ScrollBarPosFromCurrentPage@CChatWindow@@QAEXXZ 77f18460 f   chatwindow.obj
 0001:000174d0       ?PageUp@CChatWindow@@QAEXXZ 77f184d0 f   chatwindow.obj
 0001:000174f0       ?PageDown@CChatWindow@@QAEXXZ 77f184f0 f   chatwindow.obj
 0001:00017510       ?PushBack@CChatWindow@@AAEXXZ 77f18510 f   chatwindow.obj
 0001:00017540       ?RenderText@CChatWindow@@QAEXPADUtagRECT@@K@Z 77f18540 f   chatwindow.obj
 0001:00017650       ?Draw@CChatWindow@@QAEXXZ  77f18650 f   chatwindow.obj
 0001:000177d0       ?AddToChatWindowBuffer@CChatWindow@@AAEXW4eChatMessageType@@PAD1KK@Z 77f187d0 f   chatwindow.obj
 0001:00017970       ?AddChatMessage@CChatWindow@@QAEXPADK0@Z 77f18970 f   chatwindow.obj
 0001:000179c0       ?AddInfoMessage@CChatWindow@@QAAXPADZZ 77f189c0 f   chatwindow.obj
 0001:00017a40       ?AddDebugMessage@CChatWindow@@QAAXPADZZ 77f18a40 f   chatwindow.obj
 0001:00017ac0       ?AddClientMessage@CChatWindow@@QAEXKPAD@Z 77f18ac0 f   chatwindow.obj
 0001:00017b10       ?cmdDefaultCmdProc@@YAXPAD@Z 77f18b10 f   cmdprocs.obj
 0001:00017b30       ?cmdMsg@@YAXPAD@Z          77f18b30 f   cmdprocs.obj
 0001:00017be0       ?cmdTeamMsg@@YAXPAD@Z      77f18be0 f   cmdprocs.obj
 0001:00017c20       ?cmdDiscon@@YAXPAD@Z       77f18c20 f   cmdprocs.obj
 0001:00017d10       ?cmdQuit@@YAXPAD@Z         77f18d10 f   cmdprocs.obj
 0001:00017d20       ?cmdCmpStat@@YAXPAD@Z      77f18d20 f   cmdprocs.obj
 0001:00017db0       ?cmdSavePos@@YAXPAD@Z      77f18db0 f   cmdprocs.obj
 0001:00017ee0       ?cmdPlayerSkin@@YAXPAD@Z   77f18ee0 f   cmdprocs.obj
 0001:00017f50       ?cmdCreateVehicle@@YAXPAD@Z 77f18f50 f   cmdprocs.obj
 0001:00018090       ?cmdSelectVehicle@@YAXPAD@Z 77f19090 f   cmdprocs.obj
 0001:000180b0       ?cmdShowInterior@@YAXPAD@Z 77f190b0 f   cmdprocs.obj
 0001:000180e0       ?cmdRcon@@YAXPAD@Z         77f190e0 f   cmdprocs.obj
 0001:000181b0       ?SetupCommands@@YAXXZ      77f191b0 f   cmdprocs.obj
 0001:00018310       ??0CCmdWindow@@QAE@PAUIDirect3DDevice9@@@Z 77f19310 f   cmdwindow.obj
 0001:00018370       ?Enable@CCmdWindow@@QAEXXZ 77f19370 f   cmdwindow.obj
 0001:000183d0       ?Disable@CCmdWindow@@QAEXXZ 77f193d0 f   cmdwindow.obj
 0001:00018410       ?AddToRecallBuffer@CCmdWindow@@QAEXPAD@Z 77f19410 f   cmdwindow.obj
 0001:00018470       ?RecallUp@CCmdWindow@@QAEXXZ 77f19470 f   cmdwindow.obj
 0001:000184e0       ?RecallDown@CCmdWindow@@QAEXXZ 77f194e0 f   cmdwindow.obj
 0001:00018530       ?GetCmdHandler@CCmdWindow@@QAEP6AXPAD@Z0@Z 77f19530 f   cmdwindow.obj
 0001:00018590       ?AddDefaultCmdProc@CCmdWindow@@QAEXP6AXPAD@Z@Z 77f19590 f   cmdwindow.obj
 0001:000185a0       ?AddCmdProc@CCmdWindow@@QAEXPADP6AX0@Z@Z 77f195a0 f   cmdwindow.obj
 0001:00018610       ?MsgProc@CCmdWindow@@QAEHIKK@Z 77f19610 f   cmdwindow.obj
 0001:00018660       ?ResetDialogControls@CCmdWindow@@QAEXPAVCDXUTDialog@@@Z 77f19660 f   cmdwindow.obj
 0001:000187c0       ?SendToServer@CCmdWindow@@QAEXPAD@Z 77f197c0 f   cmdwindow.obj
 0001:00018890       ?ProcessInput@CCmdWindow@@QAEXXZ 77f19890 f   cmdwindow.obj
 0001:000189f0       ?CreateFonts@CDeathWindow@@QAEXXZ 77f199f0 f   deathwindow.obj
 0001:00018b10       ?RenderText@CDeathWindow@@QAEXPADUtagRECT@@KK@Z 77f19b10 f   deathwindow.obj
 0001:00018b90       ?SpriteIDForWeapon@CDeathWindow@@QAEPADE@Z 77f19b90 f   deathwindow.obj
 0001:00018e90       ??0CDeathWindow@@QAE@PAUIDirect3DDevice9@@@Z 77f19e90 f   deathwindow.obj
 0001:00018ee0       ?Draw@CDeathWindow@@QAEXXZ 77f19ee0 f   deathwindow.obj
 0001:00019200       ?AddToDeathWindowBuffer@CDeathWindow@@AAEXPAD0KKE@Z 77f1a200 f   deathwindow.obj
 0001:00019280       ?AddMessage@CDeathWindow@@QAEXPAD0KKE@Z 77f1a280 f   deathwindow.obj
 0001:00019290       ?DumpNetworkStateInformation@@YAXPAD@Z 77f1a290 f   exceptions.obj
 0001:000193c0       ?DumpMemory@@YAXPAEKPADH@Z 77f1a3c0 f   exceptions.obj
 0001:00019550       ?DumpLoadedModules@@YAXPAD@Z 77f1a550 f   exceptions.obj
 0001:000196e0       ?DumpMain@@YAXH@Z          77f1a6e0 f   exceptions.obj
 0001:000198e0       ?DoCrashReportingStuff@@YAXXZ 77f1a8e0 f   exceptions.obj
 0001:000199b0       ?GuiDlgProcMain@@YGHPAUHWND__@@IIJ@Z 77f1a9b0 f   exceptions.obj
 0001:00019ab0       ?exc_handler@@YGJPAU_EXCEPTION_POINTERS@@@Z 77f1aab0 f   exceptions.obj
 0001:00019af0       ??0CFileSystem@@QAE@XZ     77f1aaf0 f   filesystem.obj
 0001:00019b10       ?Unload@CFileSystem@@UAEXXZ 77f1ab10 f   filesystem.obj
 0001:00019b70       ?GetFileIndex@CFileSystem@@UAEKPAD@Z 77f1ab70 f   filesystem.obj
 0001:00019bd0       ?GetFileSize@CFileSystem@@UAEKK@Z 77f1abd0 f   filesystem.obj
 0001:00019c00       ?GetFileData@CFileSystem@@UAEPAEK@Z 77f1ac00 f   filesystem.obj
 0001:00019c30       ?DecryptData@CFileSystem@@QAEXPAEKG@Z 77f1ac30 f   filesystem.obj
 0001:00019c80       ??1CFileSystem@@UAE@XZ     77f1ac80 f   filesystem.obj
 0001:00019ca0       ?Load@CFileSystem@@UAE_NPAD@Z 77f1aca0 f   filesystem.obj
 0001:00019d70       ??_GCFileSystem@@UAEPAXI@Z 77f1ad70 f i filesystem.obj
 0001:00019d70       ??_ECFileSystem@@UAEPAXI@Z 77f1ad70 f i filesystem.obj
 0001:00019da0       ?CreateFonts@CFontRender@@QAEXXZ 77f1ada0 f   fontrender.obj
 0001:00019e10       ?DeleteDeviceObjects@CFontRender@@QAEXXZ 77f1ae10 f   fontrender.obj
 0001:00019e20       ?RestoreDeviceObjects@CFontRender@@QAEXXZ 77f1ae20 f   fontrender.obj
 0001:00019e30       ?MeasureText@CFontRender@@QAE?AUtagSIZE@@PAD@Z 77f1ae30 f   fontrender.obj
 0001:00019e80       ?RenderText@CFontRender@@QAEXPADUtagRECT@@K@Z 77f1ae80 f   fontrender.obj
 0001:00019ef0       ??0CFontRender@@QAE@PAUIDirect3DDevice9@@@Z 77f1aef0 f   fontrender.obj
 0001:00019f10       ??0CHelpDialog@@QAE@PAUIDirect3DDevice9@@@Z 77f1af10 f   helpdialog.obj
 0001:00019f20       ?Draw@CHelpDialog@@QAEXXZ  77f1af20 f   helpdialog.obj
 0001:0001a0f0       ??0CLabel@@QAE@PAUIDirect3DDevice9@@PAD_N@Z 77f1b0f0 f   label.obj
 0001:0001a150       ?DeleteDeviceObjects@CLabel@@QAEXXZ 77f1b150 f   label.obj
 0001:0001a170       ?RestoreDeviceObjects@CLabel@@QAEXXZ 77f1b170 f   label.obj
 0001:0001a4f0       _MemoryGetProcAddress      77f1b4f0 f   MemoryModule.obj
 0001:0001a590       _MemoryFreeLibrary         77f1b590 f   MemoryModule.obj
 0001:0001a620       _MemoryLoadLibrary         77f1b620 f   MemoryModule.obj
 0001:0001a760       ??0CNetStats@@QAE@PAUIDirect3DDevice9@@@Z 77f1b760 f   netstats.obj
 0001:0001a790       ?Draw@CNetStats@@QAEXXZ    77f1b790 f   netstats.obj
 0001:0001aa10       ??0CNewPlayerTags@@QAE@PAUIDirect3DDevice9@@@Z 77f1ba10 f   newplayertags.obj
 0001:0001aa30       ?Draw@CNewPlayerTags@@QAEXPAUD3DXVECTOR3@@PADKMMM@Z 77f1ba30 f   newplayertags.obj
 0001:0001b0a0       ?DeleteDeviceObjects@CNewPlayerTags@@QAEXXZ 77f1c0a0 f   newplayertags.obj
 0001:0001b0d0       ?RestoreDeviceObjects@CNewPlayerTags@@QAEXXZ 77f1c0d0 f   newplayertags.obj
 0001:0001b4d0       ?Begin@CNewPlayerTags@@QAEXXZ 77f1c4d0 f   newplayertags.obj
 0001:0001b510       ?End@CNewPlayerTags@@QAEXXZ 77f1c510 f   newplayertags.obj
 0001:0001b540       ??0CScoreBoard@@QAE@PAUIDirect3DDevice9@@H@Z 77f1c540 f   scoreboard.obj
 0001:0001b7d0       ?DeleteDeviceObjects@CScoreBoard@@QAEXXZ 77f1c7d0 f   scoreboard.obj
 0001:0001b820       ?RestoreDeviceObjects@CScoreBoard@@QAEXXZ 77f1c820 f   scoreboard.obj
 0001:0001bb30       ?Draw@CScoreBoard@@QAEXXZ  77f1cb30 f   scoreboard.obj
 0001:0001c310       ??0_D3DTLVERTEX@@QAE@XZ    77f1d310 f i spawnscreen.obj
 0001:0001c310       ??0MapNode@?$Map@HPAVHuffmanEncodingTree@@$1??$defaultMapKeyComparison@H@DataStructures@@YAHABH0@Z@DataStructures@@QAE@XZ 77f1d310 f i StringCompressor.obj
 0001:0001c310       ??0?$RangeNode@G@DataStructures@@QAE@XZ 77f1d310 f i ReliabilityLayer.obj
 0001:0001c320       ?SetSpawnText@CSpawnScreen@@QAEXPAD@Z 77f1d320 f   spawnscreen.obj
 0001:0001c380       ??_H@YGXPAXIHP6EPAX0@Z@Z   77f1d380 f i spawnscreen.obj
 0001:0001c3b0       ?RestoreDeviceObjects@CSpawnScreen@@QAEXXZ 77f1d3b0 f   spawnscreen.obj
 0001:0001c660       ?DeleteDeviceObjects@CSpawnScreen@@QAEXXZ 77f1d660 f   spawnscreen.obj
 0001:0001c6b0       ??0CSpawnScreen@@QAE@PAUIDirect3DDevice9@@@Z 77f1d6b0 f   spawnscreen.obj
 0001:0001c6f0       ?Draw@CSpawnScreen@@QAEXXZ 77f1d6f0 f   spawnscreen.obj
 0001:0001c980       ?CycleMode@CChatWindow@@QAEXXZ 77f1d980 f i subclass.obj
 0001:0001c9b0       ?SwitchWindowedMode@@YAXXZ 77f1d9b0 f   subclass.obj
 0001:0001ca00       ?HandleKeyPress@@YAHK@Z    77f1da00 f   subclass.obj
 0001:0001ccf0       ?HandleCharacterInput@@YAHK@Z 77f1dcf0 f   subclass.obj
 0001:0001cd40       ?NewWndProc@@YGJPAUHWND__@@IIJ@Z 77f1dd40 f   subclass.obj
 0001:0001cde0       ?SubclassGameWindow@@YAHXZ 77f1dde0 f   subclass.obj
 0001:0001ce20       ?find_last_of@?$basic_string@DU?$char_traits@D@std@@V?$allocator@D@2@@std@@QBEIPBDII@Z 77f1de20 f i subclass.obj
 0001:0001ceb0       ?_Eos@?$basic_string@DU?$char_traits@D@std@@V?$allocator@D@2@@std@@IAEXI@Z 77f1deb0 f i subclass.obj
 0001:0001ced0       ?_Tidy@?$basic_string@DU?$char_traits@D@std@@V?$allocator@D@2@@std@@IAEX_NI@Z 77f1ded0 f i subclass.obj
 0001:0001cf30       ?erase@?$basic_string@DU?$char_traits@D@std@@V?$allocator@D@2@@std@@QAEAAV12@II@Z 77f1df30 f i subclass.obj
 0001:0001cfb0       ??1?$basic_string@DU?$char_traits@D@std@@V?$allocator@D@2@@std@@QAE@XZ 77f1dfb0 f i subclass.obj
 0001:0001cfe0       ?_Copy@?$basic_string@DU?$char_traits@D@std@@V?$allocator@D@2@@std@@IAEXII@Z 77f1dfe0 f i subclass.obj
 0001:0001d120       ?append@?$basic_string@DU?$char_traits@D@std@@V?$allocator@D@2@@std@@QAEAAV12@ABV12@II@Z 77f1e120 f i subclass.obj
 0001:0001d210       ?assign@?$basic_string@DU?$char_traits@D@std@@V?$allocator@D@2@@std@@QAEAAV12@ABV12@II@Z 77f1e210 f i subclass.obj
 0001:0001d300       ?assign@?$basic_string@DU?$char_traits@D@std@@V?$allocator@D@2@@std@@QAEAAV12@PBDI@Z 77f1e300 f i subclass.obj
 0001:0001d3f0       ?append@?$basic_string@DU?$char_traits@D@std@@V?$allocator@D@2@@std@@QAEAAV12@PBDI@Z 77f1e3f0 f i subclass.obj
 0001:0001d500       ??0?$basic_string@DU?$char_traits@D@std@@V?$allocator@D@2@@std@@QAE@ABV01@@Z 77f1e500 f i subclass.obj
 0001:0001d530       ?assign@?$basic_string@DU?$char_traits@D@std@@V?$allocator@D@2@@std@@QAEAAV12@PBD@Z 77f1e530 f i subclass.obj
 0001:0001d560       ?substr@?$basic_string@DU?$char_traits@D@std@@V?$allocator@D@2@@std@@QBE?AV12@II@Z 77f1e560 f i subclass.obj
 0001:0001d5a0       ??$?HDU?$char_traits@D@std@@V?$allocator@D@1@@std@@YA?AV?$basic_string@DU?$char_traits@D@std@@V?$allocator@D@2@@0@ABV10@PBD@Z 77f1e5a0 f i subclass.obj
 0001:0001d650       ?GetScreenshotFileName@@YAXAAV?$basic_string@DU?$char_traits@D@std@@V?$allocator@D@2@@std@@@Z 77f1e650 f   subclass.obj
 0001:0001d800       ??0CSvrNetStats@@QAE@PAUIDirect3DDevice9@@@Z 77f1e800 f   svrnetstats.obj
 0001:0001d840       ?Draw@CCmdWindow@@QAEXXZ   77f1e840 f   cmdwindow.obj
 0001:0001d840       ?OnHotkey@CDXUTControl@@UAEXXZ 77f1e840 f   DXUTgui.obj
 0001:0001d840       ??1DataBlockEncryptor@@QAE@XZ 77f1e840 f   DataBlockEncryptor.obj
 0001:0001d840       ?CCameraCamShake_Sniper_Hook@@YAXXZ 77f1e840 f   hooks.obj
 0001:0001d840       ??1CTinyEncrypt@@QAE@XZ    77f1e840 f   TinyEncrypt.obj
 0001:0001d840       ??1?$RangeNode@G@DataStructures@@QAE@XZ 77f1e840 f   ReliabilityLayer.obj
 0001:0001d840       ?Draw@CSvrNetStats@@QAEXXZ 77f1e840 f   svrnetstats.obj
 0001:0001d850       ?RenderPlayerTags@@YGXXZ   77f1e850 f   IDirect3DDevice9Hook.obj
 0001:0001da60       ?QueryInterface@IDirect3DDevice9Hook@@UAGJABU_GUID@@PAPAX@Z 77f1ea60 f   IDirect3DDevice9Hook.obj
 0001:0001da70       ?AddRef@IDirect3DDevice9Hook@@UAGKXZ 77f1ea70 f   IDirect3DDevice9Hook.obj
 0001:0001da80       ?Release@IDirect3DDevice9Hook@@UAGKXZ 77f1ea80 f   IDirect3DDevice9Hook.obj
 0001:0001da90       ?TestCooperativeLevel@IDirect3DDevice9Hook@@UAGJXZ 77f1ea90 f   IDirect3DDevice9Hook.obj
 0001:0001daa0       ?GetAvailableTextureMem@IDirect3DDevice9Hook@@UAGIXZ 77f1eaa0 f   IDirect3DDevice9Hook.obj
 0001:0001dab0       ?EvictManagedResources@IDirect3DDevice9Hook@@UAGJXZ 77f1eab0 f   IDirect3DDevice9Hook.obj
 0001:0001dac0       ?GetDirect3D@IDirect3DDevice9Hook@@UAGJPAPAUIDirect3D9@@@Z 77f1eac0 f   IDirect3DDevice9Hook.obj
 0001:0001dad0       ?GetDeviceCaps@IDirect3DDevice9Hook@@UAGJPAU_D3DCAPS9@@@Z 77f1ead0 f   IDirect3DDevice9Hook.obj
 0001:0001dae0       ?GetDisplayMode@IDirect3DDevice9Hook@@UAGJIPAU_D3DDISPLAYMODE@@@Z 77f1eae0 f   IDirect3DDevice9Hook.obj
 0001:0001daf0       ?GetCreationParameters@IDirect3DDevice9Hook@@UAGJPAU_D3DDEVICE_CREATION_PARAMETERS@@@Z 77f1eaf0 f   IDirect3DDevice9Hook.obj
 0001:0001db00       ?SetCursorProperties@IDirect3DDevice9Hook@@UAGJIIPAUIDirect3DSurface9@@@Z 77f1eb00 f   IDirect3DDevice9Hook.obj
 0001:0001db10       ?SetCursorPosition@IDirect3DDevice9Hook@@UAGXHHK@Z 77f1eb10 f   IDirect3DDevice9Hook.obj
 0001:0001db20       ?ShowCursor@IDirect3DDevice9Hook@@UAGHH@Z 77f1eb20 f   IDirect3DDevice9Hook.obj
 0001:0001db30       ?CreateAdditionalSwapChain@IDirect3DDevice9Hook@@UAGJPAU_D3DPRESENT_PARAMETERS_@@PAPAUIDirect3DSwapChain9@@@Z 77f1eb30 f   IDirect3DDevice9Hook.obj
 0001:0001db40       ?GetSwapChain@IDirect3DDevice9Hook@@UAGJIPAPAUIDirect3DSwapChain9@@@Z 77f1eb40 f   IDirect3DDevice9Hook.obj
 0001:0001db50       ?GetNumberOfSwapChains@IDirect3DDevice9Hook@@UAGIXZ 77f1eb50 f   IDirect3DDevice9Hook.obj
 0001:0001db60       ?Reset@IDirect3DDevice9Hook@@UAGJPAU_D3DPRESENT_PARAMETERS_@@@Z 77f1eb60 f   IDirect3DDevice9Hook.obj
 0001:0001db90       ?GetBackBuffer@IDirect3DDevice9Hook@@UAGJIIW4_D3DBACKBUFFER_TYPE@@PAPAUIDirect3DSurface9@@@Z 77f1eb90 f   IDirect3DDevice9Hook.obj
 0001:0001dba0       ?GetRasterStatus@IDirect3DDevice9Hook@@UAGJIPAU_D3DRASTER_STATUS@@@Z 77f1eba0 f   IDirect3DDevice9Hook.obj
 0001:0001dbb0       ?SetDialogBoxMode@IDirect3DDevice9Hook@@UAGJH@Z 77f1ebb0 f   IDirect3DDevice9Hook.obj
 0001:0001dbc0       ?SetGammaRamp@IDirect3DDevice9Hook@@UAGXIKPBU_D3DGAMMARAMP@@@Z 77f1ebc0 f   IDirect3DDevice9Hook.obj
 0001:0001dbd0       ?GetGammaRamp@IDirect3DDevice9Hook@@UAGXIPAU_D3DGAMMARAMP@@@Z 77f1ebd0 f   IDirect3DDevice9Hook.obj
 0001:0001dbe0       ?CreateTexture@IDirect3DDevice9Hook@@UAGJIIIKW4_D3DFORMAT@@W4_D3DPOOL@@PAPAUIDirect3DTexture9@@PAPAX@Z 77f1ebe0 f   IDirect3DDevice9Hook.obj
 0001:0001dbf0       ?CreateVolumeTexture@IDirect3DDevice9Hook@@UAGJIIIIKW4_D3DFORMAT@@W4_D3DPOOL@@PAPAUIDirect3DVolumeTexture9@@PAPAX@Z 77f1ebf0 f   IDirect3DDevice9Hook.obj
 0001:0001dc00       ?CreateCubeTexture@IDirect3DDevice9Hook@@UAGJIIKW4_D3DFORMAT@@W4_D3DPOOL@@PAPAUIDirect3DCubeTexture9@@PAPAX@Z 77f1ec00 f   IDirect3DDevice9Hook.obj
 0001:0001dc10       ?CreateVertexBuffer@IDirect3DDevice9Hook@@UAGJIKKW4_D3DPOOL@@PAPAUIDirect3DVertexBuffer9@@PAPAX@Z 77f1ec10 f   IDirect3DDevice9Hook.obj
 0001:0001dc20       ?CreateIndexBuffer@IDirect3DDevice9Hook@@UAGJIKW4_D3DFORMAT@@W4_D3DPOOL@@PAPAUIDirect3DIndexBuffer9@@PAPAX@Z 77f1ec20 f   IDirect3DDevice9Hook.obj
 0001:0001dc30       ?CreateRenderTarget@IDirect3DDevice9Hook@@UAGJIIW4_D3DFORMAT@@W4_D3DMULTISAMPLE_TYPE@@KHPAPAUIDirect3DSurface9@@PAPAX@Z 77f1ec30 f   IDirect3DDevice9Hook.obj
 0001:0001dc40       ?CreateDepthStencilSurface@IDirect3DDevice9Hook@@UAGJIIW4_D3DFORMAT@@W4_D3DMULTISAMPLE_TYPE@@KHPAPAUIDirect3DSurface9@@PAPAX@Z 77f1ec40 f   IDirect3DDevice9Hook.obj
 0001:0001dc50       ?UpdateSurface@IDirect3DDevice9Hook@@UAGJPAUIDirect3DSurface9@@PBUtagRECT@@0PBUtagPOINT@@@Z 77f1ec50 f   IDirect3DDevice9Hook.obj
 0001:0001dc60       ?UpdateTexture@IDirect3DDevice9Hook@@UAGJPAUIDirect3DBaseTexture9@@0@Z 77f1ec60 f   IDirect3DDevice9Hook.obj
 0001:0001dc70       ?GetRenderTargetData@IDirect3DDevice9Hook@@UAGJPAUIDirect3DSurface9@@0@Z 77f1ec70 f   IDirect3DDevice9Hook.obj
 0001:0001dc90       ?GetFrontBufferData@IDirect3DDevice9Hook@@UAGJIPAUIDirect3DSurface9@@@Z 77f1ec90 f   IDirect3DDevice9Hook.obj
 0001:0001dcb0       ?StretchRect@IDirect3DDevice9Hook@@UAGJPAUIDirect3DSurface9@@PBUtagRECT@@01W4_D3DTEXTUREFILTERTYPE@@@Z 77f1ecb0 f   IDirect3DDevice9Hook.obj
 0001:0001dcd0       ?ColorFill@IDirect3DDevice9Hook@@UAGJPAUIDirect3DSurface9@@PBUtagRECT@@K@Z 77f1ecd0 f   IDirect3DDevice9Hook.obj
 0001:0001dcf0       ?CreateOffscreenPlainSurface@IDirect3DDevice9Hook@@UAGJIIW4_D3DFORMAT@@W4_D3DPOOL@@PAPAUIDirect3DSurface9@@PAPAX@Z 77f1ecf0 f   IDirect3DDevice9Hook.obj
 0001:0001dd10       ?SetRenderTarget@IDirect3DDevice9Hook@@UAGJKPAUIDirect3DSurface9@@@Z 77f1ed10 f   IDirect3DDevice9Hook.obj
 0001:0001dd30       ?GetRenderTarget@IDirect3DDevice9Hook@@UAGJKPAPAUIDirect3DSurface9@@@Z 77f1ed30 f   IDirect3DDevice9Hook.obj
 0001:0001dd50       ?SetDepthStencilSurface@IDirect3DDevice9Hook@@UAGJPAUIDirect3DSurface9@@@Z 77f1ed50 f   IDirect3DDevice9Hook.obj
 0001:0001dd70       ?GetDepthStencilSurface@IDirect3DDevice9Hook@@UAGJPAPAUIDirect3DSurface9@@@Z 77f1ed70 f   IDirect3DDevice9Hook.obj
 0001:0001dd90       ?BeginScene@IDirect3DDevice9Hook@@UAGJXZ 77f1ed90 f   IDirect3DDevice9Hook.obj
 0001:0001de00       ?EndScene@IDirect3DDevice9Hook@@UAGJXZ 77f1ee00 f   IDirect3DDevice9Hook.obj
 0001:0001de70       ?Clear@IDirect3DDevice9Hook@@UAGJKPBU_D3DRECT@@KKMK@Z 77f1ee70 f   IDirect3DDevice9Hook.obj
 0001:0001de90       ?SetTransform@IDirect3DDevice9Hook@@UAGJW4_D3DTRANSFORMSTATETYPE@@PBU_D3DMATRIX@@@Z 77f1ee90 f   IDirect3DDevice9Hook.obj
 0001:0001ded0       ?GetTransform@IDirect3DDevice9Hook@@UAGJW4_D3DTRANSFORMSTATETYPE@@PAU_D3DMATRIX@@@Z 77f1eed0 f   IDirect3DDevice9Hook.obj
 0001:0001def0       ?MultiplyTransform@IDirect3DDevice9Hook@@UAGJW4_D3DTRANSFORMSTATETYPE@@PBU_D3DMATRIX@@@Z 77f1eef0 f   IDirect3DDevice9Hook.obj
 0001:0001df10       ?SetViewport@IDirect3DDevice9Hook@@UAGJPBU_D3DVIEWPORT9@@@Z 77f1ef10 f   IDirect3DDevice9Hook.obj
 0001:0001df30       ?GetViewport@IDirect3DDevice9Hook@@UAGJPAU_D3DVIEWPORT9@@@Z 77f1ef30 f   IDirect3DDevice9Hook.obj
 0001:0001df50       ?SetMaterial@IDirect3DDevice9Hook@@UAGJPBU_D3DMATERIAL9@@@Z 77f1ef50 f   IDirect3DDevice9Hook.obj
 0001:0001df70       ?GetMaterial@IDirect3DDevice9Hook@@UAGJPAU_D3DMATERIAL9@@@Z 77f1ef70 f   IDirect3DDevice9Hook.obj
 0001:0001df90       ?SetLight@IDirect3DDevice9Hook@@UAGJKPBU_D3DLIGHT9@@@Z 77f1ef90 f   IDirect3DDevice9Hook.obj
 0001:0001dfb0       ?GetLight@IDirect3DDevice9Hook@@UAGJKPAU_D3DLIGHT9@@@Z 77f1efb0 f   IDirect3DDevice9Hook.obj
 0001:0001dfd0       ?LightEnable@IDirect3DDevice9Hook@@UAGJKH@Z 77f1efd0 f   IDirect3DDevice9Hook.obj
 0001:0001dff0       ?GetLightEnable@IDirect3DDevice9Hook@@UAGJKPAH@Z 77f1eff0 f   IDirect3DDevice9Hook.obj
 0001:0001e010       ?SetClipPlane@IDirect3DDevice9Hook@@UAGJKPBM@Z 77f1f010 f   IDirect3DDevice9Hook.obj
 0001:0001e030       ?GetClipPlane@IDirect3DDevice9Hook@@UAGJKPAM@Z 77f1f030 f   IDirect3DDevice9Hook.obj
 0001:0001e050       ?SetRenderState@IDirect3DDevice9Hook@@UAGJW4_D3DRENDERSTATETYPE@@K@Z 77f1f050 f   IDirect3DDevice9Hook.obj
 0001:0001e070       ?GetRenderState@IDirect3DDevice9Hook@@UAGJW4_D3DRENDERSTATETYPE@@PAK@Z 77f1f070 f   IDirect3DDevice9Hook.obj
 0001:0001e090       ?CreateStateBlock@IDirect3DDevice9Hook@@UAGJW4_D3DSTATEBLOCKTYPE@@PAPAUIDirect3DStateBlock9@@@Z 77f1f090 f   IDirect3DDevice9Hook.obj
 0001:0001e0b0       ?BeginStateBlock@IDirect3DDevice9Hook@@UAGJXZ 77f1f0b0 f   IDirect3DDevice9Hook.obj
 0001:0001e0d0       ?EndStateBlock@IDirect3DDevice9Hook@@UAGJPAPAUIDirect3DStateBlock9@@@Z 77f1f0d0 f   IDirect3DDevice9Hook.obj
 0001:0001e0f0       ?SetClipStatus@IDirect3DDevice9Hook@@UAGJPBU_D3DCLIPSTATUS9@@@Z 77f1f0f0 f   IDirect3DDevice9Hook.obj
 0001:0001e110       ?GetClipStatus@IDirect3DDevice9Hook@@UAGJPAU_D3DCLIPSTATUS9@@@Z 77f1f110 f   IDirect3DDevice9Hook.obj
 0001:0001e130       ?GetTexture@IDirect3DDevice9Hook@@UAGJKPAPAUIDirect3DBaseTexture9@@@Z 77f1f130 f   IDirect3DDevice9Hook.obj
 0001:0001e150       ?SetTexture@IDirect3DDevice9Hook@@UAGJKPAUIDirect3DBaseTexture9@@@Z 77f1f150 f   IDirect3DDevice9Hook.obj
 0001:0001e170       ?GetTextureStageState@IDirect3DDevice9Hook@@UAGJKW4_D3DTEXTURESTAGESTATETYPE@@PAK@Z 77f1f170 f   IDirect3DDevice9Hook.obj
 0001:0001e190       ?SetTextureStageState@IDirect3DDevice9Hook@@UAGJKW4_D3DTEXTURESTAGESTATETYPE@@K@Z 77f1f190 f   IDirect3DDevice9Hook.obj
 0001:0001e1b0       ?GetSamplerState@IDirect3DDevice9Hook@@UAGJKW4_D3DSAMPLERSTATETYPE@@PAK@Z 77f1f1b0 f   IDirect3DDevice9Hook.obj
 0001:0001e1d0       ?SetSamplerState@IDirect3DDevice9Hook@@UAGJKW4_D3DSAMPLERSTATETYPE@@K@Z 77f1f1d0 f   IDirect3DDevice9Hook.obj
 0001:0001e1f0       ?ValidateDevice@IDirect3DDevice9Hook@@UAGJPAK@Z 77f1f1f0 f   IDirect3DDevice9Hook.obj
 0001:0001e210       ?SetPaletteEntries@IDirect3DDevice9Hook@@UAGJIPBUtagPALETTEENTRY@@@Z 77f1f210 f   IDirect3DDevice9Hook.obj
 0001:0001e230       ?GetPaletteEntries@IDirect3DDevice9Hook@@UAGJIPAUtagPALETTEENTRY@@@Z 77f1f230 f   IDirect3DDevice9Hook.obj
 0001:0001e250       ?SetCurrentTexturePalette@IDirect3DDevice9Hook@@UAGJI@Z 77f1f250 f   IDirect3DDevice9Hook.obj
 0001:0001e270       ?GetCurrentTexturePalette@IDirect3DDevice9Hook@@UAGJPAI@Z 77f1f270 f   IDirect3DDevice9Hook.obj
 0001:0001e290       ?SetScissorRect@IDirect3DDevice9Hook@@UAGJPBUtagRECT@@@Z 77f1f290 f   IDirect3DDevice9Hook.obj
 0001:0001e2b0       ?GetScissorRect@IDirect3DDevice9Hook@@UAGJPAUtagRECT@@@Z 77f1f2b0 f   IDirect3DDevice9Hook.obj
 0001:0001e2d0       ?SetSoftwareVertexProcessing@IDirect3DDevice9Hook@@UAGJH@Z 77f1f2d0 f   IDirect3DDevice9Hook.obj
 0001:0001e2f0       ?GetSoftwareVertexProcessing@IDirect3DDevice9Hook@@UAGHXZ 77f1f2f0 f   IDirect3DDevice9Hook.obj
 0001:0001e310       ?SetNPatchMode@IDirect3DDevice9Hook@@UAGJM@Z 77f1f310 f   IDirect3DDevice9Hook.obj
 0001:0001e330       ?GetNPatchMode@IDirect3DDevice9Hook@@UAGMXZ 77f1f330 f   IDirect3DDevice9Hook.obj
 0001:0001e350       ?DrawPrimitive@IDirect3DDevice9Hook@@UAGJW4_D3DPRIMITIVETYPE@@II@Z 77f1f350 f   IDirect3DDevice9Hook.obj
 0001:0001e370       ?DrawIndexedPrimitive@IDirect3DDevice9Hook@@UAGJW4_D3DPRIMITIVETYPE@@HIIII@Z 77f1f370 f   IDirect3DDevice9Hook.obj
 0001:0001e390       ?DrawPrimitiveUP@IDirect3DDevice9Hook@@UAGJW4_D3DPRIMITIVETYPE@@IPBXI@Z 77f1f390 f   IDirect3DDevice9Hook.obj
 0001:0001e3b0       ?DrawIndexedPrimitiveUP@IDirect3DDevice9Hook@@UAGJW4_D3DPRIMITIVETYPE@@IIIPBXW4_D3DFORMAT@@1I@Z 77f1f3b0 f   IDirect3DDevice9Hook.obj
 0001:0001e3d0       ?ProcessVertices@IDirect3DDevice9Hook@@UAGJIIIPAUIDirect3DVertexBuffer9@@PAUIDirect3DVertexDeclaration9@@K@Z 77f1f3d0 f   IDirect3DDevice9Hook.obj
 0001:0001e3f0       ?CreateVertexDeclaration@IDirect3DDevice9Hook@@UAGJPBU_D3DVERTEXELEMENT9@@PAPAUIDirect3DVertexDeclaration9@@@Z 77f1f3f0 f   IDirect3DDevice9Hook.obj
 0001:0001e410       ?SetVertexDeclaration@IDirect3DDevice9Hook@@UAGJPAUIDirect3DVertexDeclaration9@@@Z 77f1f410 f   IDirect3DDevice9Hook.obj
 0001:0001e430       ?GetVertexDeclaration@IDirect3DDevice9Hook@@UAGJPAPAUIDirect3DVertexDeclaration9@@@Z 77f1f430 f   IDirect3DDevice9Hook.obj
 0001:0001e450       ?SetFVF@IDirect3DDevice9Hook@@UAGJK@Z 77f1f450 f   IDirect3DDevice9Hook.obj
 0001:0001e470       ?GetFVF@IDirect3DDevice9Hook@@UAGJPAK@Z 77f1f470 f   IDirect3DDevice9Hook.obj
 0001:0001e490       ?CreateVertexShader@IDirect3DDevice9Hook@@UAGJPBKPAPAUIDirect3DVertexShader9@@@Z 77f1f490 f   IDirect3DDevice9Hook.obj
 0001:0001e4b0       ?SetVertexShader@IDirect3DDevice9Hook@@UAGJPAUIDirect3DVertexShader9@@@Z 77f1f4b0 f   IDirect3DDevice9Hook.obj
 0001:0001e4d0       ?GetVertexShader@IDirect3DDevice9Hook@@UAGJPAPAUIDirect3DVertexShader9@@@Z 77f1f4d0 f   IDirect3DDevice9Hook.obj
 0001:0001e4f0       ?SetVertexShaderConstantF@IDirect3DDevice9Hook@@UAGJIPBMI@Z 77f1f4f0 f   IDirect3DDevice9Hook.obj
 0001:0001e510       ?GetVertexShaderConstantF@IDirect3DDevice9Hook@@UAGJIPAMI@Z 77f1f510 f   IDirect3DDevice9Hook.obj
 0001:0001e530       ?SetVertexShaderConstantI@IDirect3DDevice9Hook@@UAGJIPBHI@Z 77f1f530 f   IDirect3DDevice9Hook.obj
 0001:0001e550       ?GetVertexShaderConstantI@IDirect3DDevice9Hook@@UAGJIPAHI@Z 77f1f550 f   IDirect3DDevice9Hook.obj
 0001:0001e570       ?SetVertexShaderConstantB@IDirect3DDevice9Hook@@UAGJIPBHI@Z 77f1f570 f   IDirect3DDevice9Hook.obj
 0001:0001e590       ?GetVertexShaderConstantB@IDirect3DDevice9Hook@@UAGJIPAHI@Z 77f1f590 f   IDirect3DDevice9Hook.obj
 0001:0001e5b0       ?SetStreamSource@IDirect3DDevice9Hook@@UAGJIPAUIDirect3DVertexBuffer9@@II@Z 77f1f5b0 f   IDirect3DDevice9Hook.obj
 0001:0001e5d0       ?GetStreamSource@IDirect3DDevice9Hook@@UAGJIPAPAUIDirect3DVertexBuffer9@@PAI1@Z 77f1f5d0 f   IDirect3DDevice9Hook.obj
 0001:0001e5f0       ?SetStreamSourceFreq@IDirect3DDevice9Hook@@UAGJII@Z 77f1f5f0 f   IDirect3DDevice9Hook.obj
 0001:0001e610       ?GetStreamSourceFreq@IDirect3DDevice9Hook@@UAGJIPAI@Z 77f1f610 f   IDirect3DDevice9Hook.obj
 0001:0001e630       ?SetIndices@IDirect3DDevice9Hook@@UAGJPAUIDirect3DIndexBuffer9@@@Z 77f1f630 f   IDirect3DDevice9Hook.obj
 0001:0001e650       ?GetIndices@IDirect3DDevice9Hook@@UAGJPAPAUIDirect3DIndexBuffer9@@@Z 77f1f650 f   IDirect3DDevice9Hook.obj
 0001:0001e670       ?CreatePixelShader@IDirect3DDevice9Hook@@UAGJPBKPAPAUIDirect3DPixelShader9@@@Z 77f1f670 f   IDirect3DDevice9Hook.obj
 0001:0001e690       ?SetPixelShader@IDirect3DDevice9Hook@@UAGJPAUIDirect3DPixelShader9@@@Z 77f1f690 f   IDirect3DDevice9Hook.obj
 0001:0001e6b0       ?GetPixelShader@IDirect3DDevice9Hook@@UAGJPAPAUIDirect3DPixelShader9@@@Z 77f1f6b0 f   IDirect3DDevice9Hook.obj
 0001:0001e6d0       ?SetPixelShaderConstantF@IDirect3DDevice9Hook@@UAGJIPBMI@Z 77f1f6d0 f   IDirect3DDevice9Hook.obj
 0001:0001e6f0       ?GetPixelShaderConstantF@IDirect3DDevice9Hook@@UAGJIPAMI@Z 77f1f6f0 f   IDirect3DDevice9Hook.obj
 0001:0001e710       ?SetPixelShaderConstantI@IDirect3DDevice9Hook@@UAGJIPBHI@Z 77f1f710 f   IDirect3DDevice9Hook.obj
 0001:0001e730       ?GetPixelShaderConstantI@IDirect3DDevice9Hook@@UAGJIPAHI@Z 77f1f730 f   IDirect3DDevice9Hook.obj
 0001:0001e750       ?SetPixelShaderConstantB@IDirect3DDevice9Hook@@UAGJIPBHI@Z 77f1f750 f   IDirect3DDevice9Hook.obj
 0001:0001e770       ?GetPixelShaderConstantB@IDirect3DDevice9Hook@@UAGJIPAHI@Z 77f1f770 f   IDirect3DDevice9Hook.obj
 0001:0001e790       ?DrawRectPatch@IDirect3DDevice9Hook@@UAGJIPBMPBU_D3DRECTPATCH_INFO@@@Z 77f1f790 f   IDirect3DDevice9Hook.obj
 0001:0001e7b0       ?DrawTriPatch@IDirect3DDevice9Hook@@UAGJIPBMPBU_D3DTRIPATCH_INFO@@@Z 77f1f7b0 f   IDirect3DDevice9Hook.obj
 0001:0001e7d0       ?DeletePatch@IDirect3DDevice9Hook@@UAGJI@Z 77f1f7d0 f   IDirect3DDevice9Hook.obj
 0001:0001e7f0       ?CreateQuery@IDirect3DDevice9Hook@@UAGJW4_D3DQUERYTYPE@@PAPAUIDirect3DQuery9@@@Z 77f1f7f0 f   IDirect3DDevice9Hook.obj
 0001:0001e810       ?Present@IDirect3DDevice9Hook@@UAGJPBUtagRECT@@0PAUHWND__@@PBU_RGNDATA@@@Z 77f1f810 f   IDirect3DDevice9Hook.obj
 0001:0001eca0       ?StringCopyWorkerA@@YGJPADIPBD@Z 77f1fca0 f i DXUT.obj
 0001:0001ecf0       ?StringVPrintfWorkerA@@YGJPADIPBD0@Z 77f1fcf0 f i DXUT.obj
 0001:0001ed50       ?Create@DXUTState@@QAEXXZ  77f1fd50 f i DXUT.obj
 0001:0001edb0       ?SetD3D@DXUTState@@QAEXPAUIDirect3D9@@@Z 77f1fdb0 f i DXUT.obj
 0001:0001edf0       ?GetD3D@DXUTState@@QAEPAUIDirect3D9@@XZ 77f1fdf0 f i DXUT.obj
 0001:0001ee30       ?SetD3DDevice@DXUTState@@QAEXPAUIDirect3DDevice9@@@Z 77f1fe30 f i DXUT.obj
 0001:0001ee70       ?GetD3DDevice@DXUTState@@QAEPAUIDirect3DDevice9@@XZ 77f1fe70 f i DXUT.obj
 0001:0001eeb0       ?SetD3DEnumeration@DXUTState@@QAEXPAVCD3DEnumeration@@@Z 77f1feb0 f i DXUT.obj
 0001:0001eef0       ?SetCurrentDeviceSettings@DXUTState@@QAEXPAUDXUTDeviceSettings@@@Z 77f1fef0 f i DXUT.obj
 0001:0001ef30       ?GetCurrentDeviceSettings@DXUTState@@QAEPAUDXUTDeviceSettings@@XZ 77f1ff30 f i DXUT.obj
 0001:0001ef70       ?GetBackBufferSurfaceDesc@DXUTState@@QAEPAU_D3DSURFACE_DESC@@XZ 77f1ff70 f i DXUT.obj
 0001:0001efb0       ?GetCaps@DXUTState@@QAEPAU_D3DCAPS9@@XZ 77f1ffb0 f i DXUT.obj
 0001:0001eff0       ?GetHWNDDeviceFullScreen@DXUTState@@QAEPAUHWND__@@XZ 77f1fff0 f i DXUT.obj
 0001:0001f030       ?GetHWNDDeviceWindowed@DXUTState@@QAEPAUHWND__@@XZ 77f20030 f i DXUT.obj
 0001:0001f070       ?GetTime@DXUTState@@QAENXZ 77f20070 f i DXUT.obj
 0001:0001f0c0       ?SetAllowShortcutKeys@DXUTState@@QAEX_N@Z 77f200c0 f i DXUT.obj
 0001:0001f100       ?GetShowMsgBoxOnError@DXUTState@@QAE_NXZ 77f20100 f i DXUT.obj
 0001:0001f140       ?SetExitCode@DXUTState@@QAEXH@Z 77f20140 f i DXUT.obj
 0001:0001f180       ?SetDeviceCreated@DXUTState@@QAEX_N@Z 77f20180 f i DXUT.obj
 0001:0001f1c0       ?SetInsideDeviceCallback@DXUTState@@QAEX_N@Z 77f201c0 f i DXUT.obj
 0001:0001f200       ?SetDeviceObjectsCreated@DXUTState@@QAEX_N@Z 77f20200 f i DXUT.obj
 0001:0001f240       ?GetDeviceObjectsCreated@DXUTState@@QAE_NXZ 77f20240 f i DXUT.obj
 0001:0001f280       ?SetDeviceObjectsReset@DXUTState@@QAEX_N@Z 77f20280 f i DXUT.obj
 0001:0001f2c0       ?GetDeviceObjectsReset@DXUTState@@QAE_NXZ 77f202c0 f i DXUT.obj
 0001:0001f300       ?GetDeviceLostFunc@DXUTState@@QAEP6GXPAX@ZXZ 77f20300 f i DXUT.obj
 0001:0001f340       ?GetDeviceDestroyedFunc@DXUTState@@QAEP6GXPAX@ZXZ 77f20340 f i DXUT.obj
 0001:0001f380       ?GetDeviceLostFuncUserContext@DXUTState@@QAEPAXXZ 77f20380 f i DXUT.obj
 0001:0001f3c0       ?GetDeviceDestroyedFuncUserContext@DXUTState@@QAEPAXXZ 77f203c0 f i DXUT.obj
 0001:0001f400       ?GetWindowTitle@DXUTState@@QAEPADXZ 77f20400 f i DXUT.obj
 0001:0001f440       ?StringCchCopyA@@YGJPADIPBD@Z 77f20440 f i DXUT.obj
 0001:0001f460       ?StringCchPrintfA@@YAJPADIPBDZZ 77f20460 f i DXUT.obj
 0001:0001f490       ?DXUTGetHWND@@YAPAUHWND__@@XZ 77f20490 f   DXUT.obj
 0001:0001f4d0       ?DXUTDisplayErrorMessage@@YAXJ@Z 77f204d0 f   DXUT.obj
 0001:0001f800       ?DXUTCleanup3DEnvironment@@YAX_N@Z 77f20800 f   DXUT.obj
 0001:0001f970       ?DXUTShutdown@@YAXH@Z      77f20970 f   DXUT.obj
 0001:0001fa20       ?GetDXUTState@@YAAAVDXUTState@@XZ 77f20a20 f   DXUT.obj
 0001:0001fa80       ?DXUTGetTime@@YANXZ        77f20a80 f   DXUT.obj
 0001:0001fa90       ?OnFocusIn@CDXUTControl@@UAEXXZ 77f20a90 f i DXUTgui.obj
 0001:0001faa0       ?OnFocusOut@CDXUTControl@@UAEXXZ 77f20aa0 f i DXUTgui.obj
 0001:0001fab0       ?Dummy_ScriptApplyDigitSubstitution@CUniBuffer@@CGJPBUtag_SCRIPT_DIGITSUBSTITUTE@@PAUtag_SCRIPT_CONTROL@@PAUtag_SCRIPT_STATE@@@Z 77f20ab0 f i DXUTgui.obj
[...]
 0001:00050294       __ehhandler$??0RakClient@@QAE@XZ 77f51294 f   RakClient.obj
 0001:000502a0       $L82139                    77f512a0 f   RakClient.obj
 0001:000502ab       $L82140                    77f512ab f   RakClient.obj
 0001:000502b6       $L82141                    77f512b6 f   RakClient.obj
 0001:000502c1       __ehhandler$?Receive@RakClient@@UAEPAUPacket@@XZ 77f512c1 f   RakClient.obj
 0001:000502d0       $L85204                    77f512d0 f   RakNetworkFactory.obj
 0001:000502db       __ehhandler$?GetRakClientInterface@RakNetworkFactory@@SAPAVRakClientInterface@@XZ 77f512db f   RakNetworkFactory.obj
 0001:000502f0       $L86453                    77f512f0 f   RakPeer.obj
 0001:000502f0       $L86438                    77f512f0 f   RakPeer.obj
 0001:000502fb       $L86454                    77f512fb f   RakPeer.obj
 0001:000502fb       $L86439                    77f512fb f   RakPeer.obj
 0001:00050309       __ehhandler$??1RemoteSystemStruct@RakPeer@@QAE@XZ 77f51309 f   RakPeer.obj
 0001:00050309       __ehhandler$??0RemoteSystemStruct@RakPeer@@QAE@XZ 77f51309 f   RakPeer.obj
 0001:00050320       $L86563                    77f51320 f   RakPeer.obj
 0001:0005032b       $L86564                    77f5132b f   RakPeer.obj
 0001:00050336       __ehhandler$?GenerateCompressionLayer@RakPeer@@UAE_NQAI_N@Z 77f51336 f   RakPeer.obj
 0001:00050340       $L87225                    77f51340 f   RakPeer.obj
 0001:00050340       $L87287                    77f51340 f   RakPeer.obj
 0001:00050340       $L90266                    77f51340 f   RakPeer.obj
 0001:00050340       $L90304                    77f51340 f   RakPeer.obj
 0001:00050340       $L90161                    77f51340 f   RakPeer.obj
 0001:00050340       $L90207                    77f51340 f   RakPeer.obj
 0001:00050340       $L90356                    77f51340 f   RakPeer.obj
 0001:0005034b       __ehhandler$?SendStaticDataInternal@RakPeer@@IAEXUPlayerID@@_N@Z 77f5134b f   RakPeer.obj
 0001:0005034b       __ehhandler$?OnConnectionRequest@RakPeer@@IAEXPAURemoteSystemStruct@1@PAE_N@Z 77f5134b f   RakPeer.obj
 0001:0005034b       __ehhandler$?Ping@RakPeer@@UAEXPBDG_N@Z 77f5134b f   RakPeer.obj
 0001:0005034b       __ehhandler$?NotifyAndFlagForDisconnect@RakPeer@@IAEXUPlayerID@@_NE@Z 77f5134b f   RakPeer.obj
 0001:0005034b       __ehhandler$?AdvertiseSystem@RakPeer@@UAEXPBDG0H@Z 77f5134b f   RakPeer.obj
 0001:0005034b       __ehhandler$?PingInternal@RakPeer@@IAEXUPlayerID@@_N@Z 77f5134b f   RakPeer.obj
 0001:0005034b       __ehhandler$?ShiftIncomingTimestamp@RakPeer@@IBEXPAEUPlayerID@@@Z 77f5134b f   RakPeer.obj
 0001:00050360       $L89053                    77f51360 f   RakPeer.obj
 0001:0005036b       $L89054                    77f5136b f   RakPeer.obj
 0001:00050376       $L89055                    77f51376 f   RakPeer.obj
 0001:00050381       $L89056                    77f51381 f   RakPeer.obj
 0001:0005038c       __ehhandler$?HandleRPCPacket@RakPeer@@IAE_NPBDHUPlayerID@@@Z 77f5138c f   RakPeer.obj
 0001:000503a0       $L89136                    77f513a0 f   RakPeer.obj
 0001:000503ab       __ehhandler$?SendImmediate@RakPeer@@IAE_NPADHW4PacketPriority@@W4PacketReliability@@DUPlayerID@@_N4_J@Z 77f513ab f   RakPeer.obj
 0001:000503c0       $L89176                    77f513c0 f   RakPeer.obj
 0001:000503c8       __ehhandler$??1?$OrderedList@UPlayerID@@UPlayerIDAndIndex@@$1?PlayerIDAndIndexComp@@YAHABU1@ABU2@@Z@DataStructures@@QAE@XZ 77f513c8 f   RakPeer.obj
 0001:000503e0       $L90021                    77f513e0 f   RakPeer.obj
 0001:000503eb       __ehhandler$?RPC@RakPeer@@UAE_NPADPBDIW4PacketPriority@@W4PacketReliability@@DUPlayerID@@_N5UNetworkID@@PAVBitStream@RakNet@@@Z 77f513eb f   RakPeer.obj
 0001:00050400       $L90286                    77f51400 f   RakPeer.obj
 0001:0005040b       __ehhandler$?SecuredConnectionResponse@RakPeer@@IAEXUPlayerID@@@Z 77f5140b f   RakPeer.obj
 0001:00050420       $L90411                    77f51420 f   RakPeer.obj
 0001:0005042b       $L90412                    77f5142b f   RakPeer.obj
 0001:00050436       $L90413                    77f51436 f   RakPeer.obj
 0001:00050441       __ehhandler$?ProcessNetworkPacket@@YGXIGPBDHPAVRakPeer@@@Z 77f51441 f   RakPeer.obj
 0001:00050450       $L91167                    77f51450 f   RakPeer.obj
 0001:00050450       $L89960                    77f51450 f   RakPeer.obj
 0001:00050458       $L91168                    77f51458 f   RakPeer.obj
 0001:00050458       $L89961                    77f51458 f   RakPeer.obj
 0001:00050463       $L91169                    77f51463 f   RakPeer.obj
 0001:00050463       $L89962                    77f51463 f   RakPeer.obj
 0001:00050471       $L89963                    77f51471 f   RakPeer.obj
 0001:00050471       $L91170                    77f51471 f   RakPeer.obj
 0001:0005047f       $L91171                    77f5147f f   RakPeer.obj
 0001:0005047f       $L89964                    77f5147f f   RakPeer.obj
 0001:00050497       $L91172                    77f51497 f   RakPeer.obj
 0001:00050497       $L89965                    77f51497 f   RakPeer.obj
 0001:000504a5       $L91173                    77f514a5 f   RakPeer.obj
 0001:000504a5       $L89966                    77f514a5 f   RakPeer.obj
 0001:000504b3       $L89967                    77f514b3 f   RakPeer.obj
 0001:000504b3       $L91174                    77f514b3 f   RakPeer.obj
 0001:000504c1       $L89968                    77f514c1 f   RakPeer.obj
 0001:000504c1       $L91175                    77f514c1 f   RakPeer.obj
 0001:000504cf       $L91176                    77f514cf f   RakPeer.obj
 0001:000504cf       $L89969                    77f514cf f   RakPeer.obj
 0001:000504dd       $L89970                    77f514dd f   RakPeer.obj
 0001:000504dd       $L91177                    77f514dd f   RakPeer.obj
 0001:000504eb       $L89971                    77f514eb f   RakPeer.obj
 0001:000504eb       $L91178                    77f514eb f   RakPeer.obj
 0001:000504f9       $L91179                    77f514f9 f   RakPeer.obj
 0001:000504f9       $L89972                    77f514f9 f   RakPeer.obj
 0001:00050507       $L91180                    77f51507 f   RakPeer.obj
 0001:00050507       $L89973                    77f51507 f   RakPeer.obj
 0001:00050515       $L91181                    77f51515 f   RakPeer.obj
 0001:00050515       $L89974                    77f51515 f   RakPeer.obj
 0001:00050523       __ehhandler$??0RakPeer@@QAE@XZ 77f51523 f   RakPeer.obj
 0001:00050523       __ehhandler$??1RakPeer@@UAE@XZ 77f51523 f   RakPeer.obj
 0001:00050530       $L91226                    77f51530 f   RakPeer.obj
 0001:0005053b       __ehhandler$?SecuredConnectionConfirmation@RakPeer@@IAEXPAURemoteSystemStruct@1@PAD@Z 77f5153b f   RakPeer.obj
 0001:00050550       $L91459                    77f51550 f   RakPeer.obj
 0001:0005055b       $L91460                    77f5155b f   RakPeer.obj
 0001:00050566       $L91461                    77f51566 f   RakPeer.obj
 0001:00050571       $L91462                    77f51571 f   RakPeer.obj
 0001:0005057c       $L91463                    77f5157c f   RakPeer.obj
 0001:00050587       $L91464                    77f51587 f   RakPeer.obj
 0001:00050592       $L91465                    77f51592 f   RakPeer.obj
 0001:0005059d       $L91466                    77f5159d f   RakPeer.obj
 0001:000505a8       $L91467                    77f515a8 f   RakPeer.obj
 0001:000505b3       __ehhandler$?RunUpdateCycle@RakPeer@@IAE_NXZ 77f515b3 f   RakPeer.obj
 0001:000505c0       $L91791                    77f515c0 f   RakPeer.obj
 0001:000505ce       __ehhandler$?Initialize@RakPeer@@UAE_NGGHPBD@Z 77f515ce f   RakPeer.obj
 0001:000505e0       $L82767                    77f515e0 f   ReliabilityLayer.obj
 0001:000505e8       __ehhandler$??1?$LinkedList@PAUInternalPacket@@@DataStructures@@QAE@XZ 77f515e8 f   ReliabilityLayer.obj
 0001:00050600       $L82843                    77f51600 f   ReliabilityLayer.obj
 0001:0005060b       __ehhandler$??1?$MemoryPool@U?$Page@GPAUInternalPacket@@$0CA@@DataStructures@@@DataStructures@@QAE@XZ 77f5160b f   ReliabilityLayer.obj
 0001:00050620       $L82973                    77f51620 f   ReliabilityLayer.obj
 0001:00050620       $L82940                    77f51620 f   ReliabilityLayer.obj
 0001:0005062b       __ehhandler$?Insert@?$List@U?$RangeNode@G@DataStructures@@@DataStructures@@QAEXU?$RangeNode@G@2@@Z 77f5162b f   ReliabilityLayer.obj
 0001:0005062b       __ehhandler$?Insert@?$List@U?$RangeNode@G@DataStructures@@@DataStructures@@QAEXU?$RangeNode@G@2@I@Z 77f5162b f   ReliabilityLayer.obj
 0001:00050640       $L83312                    77f51640 f   ReliabilityLayer.obj
 0001:0005064b       __ehhandler$?Serialize@?$RangeList@G@DataStructures@@QAEIPAVBitStream@RakNet@@H_N@Z 77f5164b f   ReliabilityLayer.obj
 0001:00050660       $L83281                    77f51660 f   ReliabilityLayer.obj
 0001:00050660       $L83470                    77f51660 f   ReliabilityLayer.obj
 0001:00050668       __ehhandler$??1?$OrderedList@IPAUInternalPacket@@$1?SplitPacketIndexComp@@YAHABIABQAU1@@Z@DataStructures@@QAE@XZ 77f51668 f   ReliabilityLayer.obj
 0001:00050668       __ehhandler$??1?$OrderedList@GPAUSplitPacketChannel@@$1?SplitPacketChannelComp@@YAHABGABQAU1@@Z@DataStructures@@QAE@XZ 77f51668 f   ReliabilityLayer.obj
 0001:00050680       $L83576                    77f51680 f   ReliabilityLayer.obj
 0001:00050688       __ehhandler$?FreePages@?$BPlusTree@GPAUInternalPacket@@$0CA@@DataStructures@@IAEXXZ 77f51688 f   ReliabilityLayer.obj
 0001:000506a0       $L84247                    77f516a0 f   ReliabilityLayer.obj
 0001:000506a8       __ehhandler$??1?$OrderedList@GU?$RangeNode@G@DataStructures@@$1??$RangeNodeComp@G@2@YAHABGABU12@@Z@DataStructures@@QAE@XZ 77f516a8 f   ReliabilityLayer.obj
 0001:000506c0       $L85238                    77f516c0 f   ReliabilityLayer.obj
 0001:000506c8       __ehhandler$??1?$RangeList@G@DataStructures@@QAE@XZ 77f516c8 f   ReliabilityLayer.obj
 0001:000506e0       $L85317                    77f516e0 f   ReliabilityLayer.obj
 0001:000506e8       __ehhandler$??1?$BPlusTree@GPAUInternalPacket@@$0CA@@DataStructures@@QAE@XZ 77f516e8 f   ReliabilityLayer.obj
 0001:00050700       $L85330                    77f51700 f   ReliabilityLayer.obj
 0001:00050700       $L86279                    77f51700 f   ReliabilityLayer.obj
 0001:00050708       $L86280                    77f51708 f   ReliabilityLayer.obj
 0001:00050708       $L85331                    77f51708 f   ReliabilityLayer.obj
 0001:00050713       $L86281                    77f51713 f   ReliabilityLayer.obj
 0001:00050713       $L85332                    77f51713 f   ReliabilityLayer.obj
 0001:0005071e       $L85333                    77f5171e f   ReliabilityLayer.obj
 0001:0005071e       $L86282                    77f5171e f   ReliabilityLayer.obj
 0001:00050729       $L86283                    77f51729 f   ReliabilityLayer.obj
 0001:00050729       $L85334                    77f51729 f   ReliabilityLayer.obj
 0001:00050734       $L86284                    77f51734 f   ReliabilityLayer.obj
 0001:00050734       $L85335                    77f51734 f   ReliabilityLayer.obj
 0001:0005074a       $L85336                    77f5174a f   ReliabilityLayer.obj
 0001:0005074a       $L86285                    77f5174a f   ReliabilityLayer.obj
 0001:00050758       $L86286                    77f51758 f   ReliabilityLayer.obj
 0001:00050758       $L85337                    77f51758 f   ReliabilityLayer.obj
 0001:00050766       $L85338                    77f51766 f   ReliabilityLayer.obj
 0001:00050766       $L86287                    77f51766 f   ReliabilityLayer.obj
 0001:00050774       $L85339                    77f51774 f   ReliabilityLayer.obj
 0001:00050774       $L86288                    77f51774 f   ReliabilityLayer.obj
 0001:00050782       $L85340                    77f51782 f   ReliabilityLayer.obj
 0001:00050782       $L86289                    77f51782 f   ReliabilityLayer.obj
 0001:00050790       $L85341                    77f51790 f   ReliabilityLayer.obj
 0001:00050790       $L86290                    77f51790 f   ReliabilityLayer.obj
 0001:0005079e       __ehhandler$??1ReliabilityLayer@@QAE@XZ 77f5179e f   ReliabilityLayer.obj
 0001:0005079e       __ehhandler$??0ReliabilityLayer@@QAE@XZ 77f5179e f   ReliabilityLayer.obj
 0001:000507b0       $L85827                    77f517b0 f   ReliabilityLayer.obj
 0001:000507bb       $L85828                    77f517bb f   ReliabilityLayer.obj
 0001:000507c6       __ehhandler$?HandleSocketReceiveFromConnectedPlayer@ReliabilityLayer@@QAE_NPBDHUPlayerID@@AAV?$List@PAVPluginInterface@@@DataStructures@@H@Z 77f517c6 f   ReliabilityLayer.obj
 0001:000507d0       $L1156                     77f517d0 f   RPCMap.obj
 0001:000507d8       __ehhandler$??1RPCMap@@QAE@XZ 77f517d8 f   RPCMap.obj
 0001:000507f0       $L3846                     77f517f0 f   StringCompressor.obj
 0001:000507f8       __ehhandler$??1?$OrderedList@HUMapNode@?$Map@HPAVHuffmanEncodingTree@@$1??$defaultMapKeyComparison@H@DataStructures@@YAHABH0@Z@DataStructures@@$1?NodeComparisonFunc@23@SAHABHABU123@@Z@DataStructures@@QAE@XZ 77f517f8 f   StringCompressor.obj
 0001:00050810       $L3886                     77f51810 f   StringCompressor.obj
 0001:0005081b       __ehhandler$?EncodeString@StringCompressor@@QAEXPBDHPAVBitStream@RakNet@@H@Z 77f5181b f   StringCompressor.obj
 0001:00050830       $L4030                     77f51830 f   StringCompressor.obj
 0001:00050838       __ehhandler$??1?$Map@HPAVHuffmanEncodingTree@@$1??$defaultMapKeyComparison@H@DataStructures@@YAHABH0@Z@DataStructures@@QAE@XZ 77f51838 f   StringCompressor.obj
 0001:00050850       $L4120                     77f51850 f   StringCompressor.obj
 0001:00050858       $L4121                     77f51858 f   StringCompressor.obj
 0001:00050863       __ehhandler$??0StringCompressor@@AAE@XZ 77f51863 f   StringCompressor.obj
 0001:00050870       $L4213                     77f51870 f   StringCompressor.obj
 0001:00050878       __ehhandler$??1StringCompressor@@QAE@XZ 77f51878 f   StringCompressor.obj
 0001:00050890       $L4263                     77f51890 f   StringCompressor.obj
 0001:00050890       $L3714                     77f51890 f   StringCompressor.obj
 0001:00050890       $L3733                     77f51890 f   StringCompressor.obj
 0001:0005089b       __ehhandler$?Insert@?$List@UMapNode@?$Map@HPAVHuffmanEncodingTree@@$1??$defaultMapKeyComparison@H@DataStructures@@YAHABH0@Z@DataStructures@@@DataStructures@@QAEXUMapNode@?$Map@HPAVHuffmanEncodingTree@@$1??$defaultMapKeyComparison@H@DataStructures@@YAHABH0@Z@2@@Z 77f5189b f   StringCompressor.obj
 0001:0005089b       __ehhandler$?AddReference@StringCompressor@@SAXXZ 77f5189b f   StringCompressor.obj
 0001:0005089b       __ehhandler$?Insert@?$List@UMapNode@?$Map@HPAVHuffmanEncodingTree@@$1??$defaultMapKeyComparison@H@DataStructures@@YAHABH0@Z@DataStructures@@@DataStructures@@QAEXUMapNode@?$Map@HPAVHuffmanEncodingTree@@$1??$defaultMapKeyComparison@H@DataStructures@@YAHABH0@Z@2@I@Z 77f5189b f   StringCompressor.obj
 0001:000508b0       $L3823                     77f518b0 f   StringTable.obj
 0001:000508b8       __ehhandler$??1?$OrderedList@PADUStrAndBool@@$1?StrAndBoolComp@@YAHABQADABU1@@Z@DataStructures@@QAE@XZ 77f518b8 f   StringTable.obj
 0001:000508d0       $L3869                     77f518d0 f   StringTable.obj
 0001:000508d8       __ehhandler$??1StringTable@@QAE@XZ 77f518d8 f   StringTable.obj
 0001:000508f0       $L74045                    77f518f0 f   ArchiveFS.obj
 0001:000508f8       $L74046                    77f518f8 f   ArchiveFS.obj
 0001:00050900       $L74047                    77f51900 f   ArchiveFS.obj
 0001:00050908       $L74048                    77f51908 f   ArchiveFS.obj
 0001:00050910       $L74049                    77f51910 f   ArchiveFS.obj
 0001:00050918       __ehhandler$?LoadEntries@CArchiveFS@@AAEXXZ 77f51918 f   ArchiveFS.obj
 0001:00050930       $L74144                    77f51930 f   ArchiveFS.obj
 0001:00050938       __ehhandler$?GetFileData@CArchiveFS@@UAEPAEK@Z 77f51938 f   ArchiveFS.obj
 0001:00050950       $L74163                    77f51950 f   ArchiveFS.obj
 0001:00050958       __ehhandler$??0CFileStream@@QAE@PBDW4eType@0@W4eMode@0@@Z 77f51958 f   ArchiveFS.obj
 0001:00050970       $L74248                    77f51970 f   ArchiveFS.obj
 0001:00050978       __ehhandler$??1CArchiveFS@@UAE@XZ 77f51978 f   ArchiveFS.obj
 0001:00050990       $L74301                    77f51990 f   ArchiveFS.obj
 0001:0005099b       __ehhandler$?Load@CArchiveFS@@UAE_NPAD@Z 77f5199b f   ArchiveFS.obj
 0001:000509b0       $L112645                   77f519b0 f   main.obj
 0001:000509b0       $L112567                   77f519b0 f   main.obj
 0001:000509bb       __ehhandler$?SetupGameUI@@YAXXZ 77f519bb f   main.obj
 0001:000509bb       __ehhandler$?LaunchMonitor@@YAXPAX@Z 77f519bb f   main.obj
 0001:000509d0       $L112752                   77f519d0 f   main.obj
 0001:000509db       $L112753                   77f519db f   main.obj
 0001:000509e6       $L112754                   77f519e6 f   main.obj
 0001:000509f1       $L112755                   77f519f1 f   main.obj
 0001:000509fc       $L112756                   77f519fc f   main.obj
 0001:00050a07       $L112757                   77f51a07 f   main.obj
 0001:00050a12       $L112758                   77f51a12 f   main.obj
 0001:00050a1d       $L112759                   77f51a1d f   main.obj
 0001:00050a28       $L112760                   77f51a28 f   main.obj
 0001:00050a33       $L112761                   77f51a33 f   main.obj
 0001:00050a3e       $L112762                   77f51a3e f   main.obj
 0001:00050a49       $L112763                   77f51a49 f   main.obj
 0001:00050a54       $L112764                   77f51a54 f   main.obj
 0001:00050a5f       __ehhandler$?DoInitStuff@@YAXXZ 77f51a5f f   main.obj
 0001:00050a70       $L112827                   77f51a70 f   main.obj
 0001:00050a7b       $L112828                   77f51a7b f   main.obj
 0001:00050a86       $L112829                   77f51a86 f   main.obj
 0001:00050a91       __ehhandler$_DllMain@12    77f51a91 f   main.obj
 0001:00050a9b       $L11742                    77f51a9b f   libcpmt:string.obj
 0001:00050a9b       $L11600                    77f51a9b f   libcpmt:string.obj
 0001:00050aa3       __ehhandler$??0logic_error@std@@QAE@ABV?$basic_string@DU?$char_traits@D@std@@V?$allocator@D@2@@1@@Z 77f51aa3 f   libcpmt:string.obj
 0001:00050aa3       __ehhandler$??0logic_error@std@@QAE@ABV01@@Z 77f51aa3 f   libcpmt:string.obj
 0001:00050aad       $L11664                    77f51aad f   libcpmt:string.obj
 0001:00050aad       $L11871                    77f51aad f   libcpmt:string.obj
 0001:00050ab5       __ehhandler$?_Xlen@_String_base@std@@QBEXXZ 77f51ab5 f   libcpmt:string.obj
 0001:00050ab5       __ehhandler$?_Xran@_String_base@std@@QBEXXZ 77f51ab5 f   libcpmt:string.obj
 0001:00050ac0       _$E1                       77f51ac0 f   DXUTgui.obj
 0001:00050af0       _$E4                       77f51af0 f   DXUTgui.obj
 0001:00050b10       _$E7                       77f51b10 f   DXUTgui.obj
 0001:00050b20       _$E5                       77f51b20 f   NetworkIDGenerator.obj
 0001:00050b40       _$E8                       77f51b40 f   NetworkIDGenerator.obj
 0001:00050b60       _$E5                       77f51b60 f   SocketLayer.obj
 0001:00050b90       _$E2                       77f51b90 f   DXUT.obj
 0001:00050bb0       _$E2                       77f51bb0 f   DXUTgui.obj
 0001:00050be0       _$E5                       77f51be0 f   DXUTgui.obj
 0001:00050bf0       _$E8                       77f51bf0 f   DXUTgui.obj
 0001:00050c20       _$E2                       77f51c20 f   DXUTmisc.obj
 0001:00050c30       _$E6                       77f51c30 f   NetworkIDGenerator.obj
 0001:00050c40       _$E6                       77f51c40 f   SocketLayer.obj
